Archive member included to satisfy reference by file (symbol)

../../libDaisy/build/libdaisy.a(daisy_seed.o)
                              build/hothouse.o (daisy::DaisySeed::Configure())
../../libDaisy/build/libdaisy.a(codec_ak4556.o)
                              ../../libDaisy/build/libdaisy.a(daisy_seed.o) (daisy::Ak4556::Init(dsy_gpio_pin))
../../libDaisy/build/libdaisy.a(codec_wm8731.o)
                              ../../libDaisy/build/libdaisy.a(daisy_seed.o) (daisy::Wm8731::Init(daisy::Wm8731::Config const&, daisy::I2CHandle))
../../libDaisy/build/libdaisy.a(sdram.o)
                              ../../libDaisy/build/libdaisy.a(daisy_seed.o) (SdramHandle::Init())
../../libDaisy/build/libdaisy.a(audio.o)
                              ../../libDaisy/build/libdaisy.a(daisy_seed.o) (daisy::AudioHandle::Init(daisy::AudioHandle::Config const&, daisy::SaiHandle))
../../libDaisy/build/libdaisy.a(ctrl.o)
                              build/hothouse.o (daisy::AnalogControl::Init(unsigned short*, float, bool, bool, float))
../../libDaisy/build/libdaisy.a(led.o)
                              build/altair.o (daisy::Led::Init(dsy_gpio_pin, bool, float))
../../libDaisy/build/libdaisy.a(logger.o)
                              build/hothouse.o (daisy::Logger<(daisy::LoggerDestination)1>::PrintLine(char const*, ...))
../../libDaisy/build/libdaisy.a(parameter.o)
                              build/altair.o (daisy::Parameter::Init(daisy::AnalogControl, float, float, daisy::Parameter::Curve))
../../libDaisy/build/libdaisy.a(switch.o)
                              build/hothouse.o (daisy::Switch::Init(dsy_gpio_pin, float))
../../libDaisy/build/libdaisy.a(usb.o)
                              ../../libDaisy/build/libdaisy.a(logger.o) (daisy::UsbHandle::Init(daisy::UsbHandle::UsbPeriph))
../../libDaisy/build/libdaisy.a(adc.o)
                              build/hothouse.o (daisy::AdcChannelConfig::InitSingle(dsy_gpio_pin, daisy::AdcChannelConfig::ConversionSpeed))
../../libDaisy/build/libdaisy.a(gpio.o)
                              ../../libDaisy/build/libdaisy.a(daisy_seed.o) (daisy::GPIO::Init(daisy::Pin, daisy::GPIO::Mode, daisy::GPIO::Pull, daisy::GPIO::Speed))
../../libDaisy/build/libdaisy.a(i2c.o)
                              ../../libDaisy/build/libdaisy.a(daisy_seed.o) (daisy::I2CHandle::Init(daisy::I2CHandle::Config const&))
../../libDaisy/build/libdaisy.a(qspi.o)
                              ../../libDaisy/build/libdaisy.a(daisy_seed.o) (daisy::QSPIHandle::Init(daisy::QSPIHandle::Config const&))
../../libDaisy/build/libdaisy.a(sai.o)
                              ../../libDaisy/build/libdaisy.a(daisy_seed.o) (daisy::SaiHandle::Init(daisy::SaiHandle::Config const&))
../../libDaisy/build/libdaisy.a(system.o)
                              ../../libDaisy/build/libdaisy.a(daisy_seed.o) (daisy::System::DeInit())
../../libDaisy/build/libdaisy.a(system_stm32h7xx.o)
                              build/startup_stm32h750xx.o (SystemInit)
../../libDaisy/build/libdaisy.a(usbd_cdc_if.o)
                              ../../libDaisy/build/libdaisy.a(usb.o) (CDC_Transmit_FS)
../../libDaisy/build/libdaisy.a(usbd_conf.o)
                              ../../libDaisy/build/libdaisy.a(system.o) (hpcd_USB_OTG_HS)
../../libDaisy/build/libdaisy.a(usbd_desc.o)
                              ../../libDaisy/build/libdaisy.a(usb.o) (HS_Desc)
../../libDaisy/build/libdaisy.a(usbh_conf.o)
                              ../../libDaisy/build/libdaisy.a(system.o) (hhcd_USB_OTG_HS)
../../libDaisy/build/libdaisy.a(hal_map.o)
                              ../../libDaisy/build/libdaisy.a(gpio.o) (dsy_hal_map_get_port)
../../libDaisy/build/libdaisy.a(stm32h7xx_hal.o)
                              ../../libDaisy/build/libdaisy.a(system.o) (HAL_Init)
../../libDaisy/build/libdaisy.a(stm32h7xx_hal_adc.o)
                              ../../libDaisy/build/libdaisy.a(adc.o) (HAL_ADC_ConfigChannel)
../../libDaisy/build/libdaisy.a(stm32h7xx_hal_adc_ex.o)
                              ../../libDaisy/build/libdaisy.a(adc.o) (HAL_ADCEx_Calibration_Start)
../../libDaisy/build/libdaisy.a(stm32h7xx_hal_cortex.o)
                              ../../libDaisy/build/libdaisy.a(stm32h7xx_hal.o) (HAL_NVIC_SetPriorityGrouping)
../../libDaisy/build/libdaisy.a(stm32h7xx_hal_dma.o)
                              ../../libDaisy/build/libdaisy.a(adc.o) (HAL_DMA_Init)
../../libDaisy/build/libdaisy.a(stm32h7xx_hal_gpio.o)
                              ../../libDaisy/build/libdaisy.a(sdram.o) (HAL_GPIO_Init)
../../libDaisy/build/libdaisy.a(stm32h7xx_hal_hcd.o)
                              ../../libDaisy/build/libdaisy.a(usbh_conf.o) (HAL_HCD_HC_Init)
../../libDaisy/build/libdaisy.a(stm32h7xx_hal_i2c.o)
                              ../../libDaisy/build/libdaisy.a(i2c.o) (HAL_I2C_Init)
../../libDaisy/build/libdaisy.a(stm32h7xx_hal_i2c_ex.o)
                              ../../libDaisy/build/libdaisy.a(i2c.o) (HAL_I2CEx_ConfigAnalogFilter)
[...]
Memory Configuration

Name             Origin             Length             Attributes
FLASH            0x0000000008000000 0x0000000000020000 xr
DTCMRAM          0x0000000020000000 0x0000000000020000 xrw
SRAM             0x0000000024000000 0x0000000000080000 xrw
RAM_D2           0x0000000030000000 0x0000000000048000 xrw
RAM_D3           0x0000000038000000 0x0000000000010000 xrw
BACKUP_SRAM      0x0000000038800000 0x0000000000001000 xrw
ITCMRAM          0x0000000000000000 0x0000000000010000 xrw
SDRAM            0x00000000c0000000 0x0000000004000000 xrw
QSPIFLASH        0x0000000090000000 0x0000000000800000 xr
*default*        0x0000000000000000 0xffffffffffffffff

Linker script and memory map

LOAD /home/green/bin/gcc-arm-none-eabi-10-2020-q4-major/bin/../lib/gcc/arm-none-eabi/10.2.1/thumb/v7e-m+dp/hard/crti.o
LOAD /home/green/bin/gcc-arm-none-eabi-10-2020-q4-major/bin/../lib/gcc/arm-none-eabi/10.2.1/thumb/v7e-m+dp/hard/crtbegin.o
LOAD /home/green/bin/gcc-arm-none-eabi-10-2020-q4-major/bin/../lib/gcc/arm-none-eabi/10.2.1/../../../../arm-none-eabi/lib/thumb/v7e-m+dp/hard/crt0.o
LOAD build/startup_stm32h750xx.o
LOAD build/altair.o
LOAD build/hothouse.o
LOAD build/ImpulseResponse.o
LOAD build/dsp.o
LOAD ../../libDaisy/build/libdaisy.a
LOAD /home/green/bin/gcc-arm-none-eabi-10-2020-q4-major/bin/../lib/gcc/arm-none-eabi/10.2.1/../../../../arm-none-eabi/lib/thumb/v7e-m+dp/hard/libnosys.a
LOAD ../../DaisySP/build/libdaisysp.a
LOAD ../../DaisySP/DaisySP-LGPL/build/libdaisysp-lgpl.a
LOAD /home/green/bin/gcc-arm-none-eabi-10-2020-q4-major/bin/../lib/gcc/arm-none-eabi/10.2.1/../../../../arm-none-eabi/lib/thumb/v7e-m+dp/hard/libstdc++_nano.a
LOAD /home/green/bin/gcc-arm-none-eabi-10-2020-q4-major/bin/../lib/gcc/arm-none-eabi/10.2.1/../../../../arm-none-eabi/lib/thumb/v7e-m+dp/hard/libm.a
LOAD /home/green/bin/gcc-arm-none-eabi-10-2020-q4-major/bin/../lib/gcc/arm-none-eabi/10.2.1/../../../../arm-none-eabi/lib/thumb/v7e-m+dp/hard/libc_nano.a
START GROUP
LOAD /home/green/bin/gcc-arm-none-eabi-10-2020-q4-major/bin/../lib/gcc/arm-none-eabi/10.2.1/thumb/v7e-m+dp/hard/libgcc.a
LOAD /home/green/bin/gcc-arm-none-eabi-10-2020-q4-major/bin/../lib/gcc/arm-none-eabi/10.2.1/../../../../arm-none-eabi/lib/thumb/v7e-m+dp/hard/libc_nano.a
END GROUP
START GROUP
LOAD /home/green/bin/gcc-arm-none-eabi-10-2020-q4-major/bin/../lib/gcc/arm-none-eabi/10.2.1/thumb/v7e-m+dp/hard/libgcc.a
LOAD /home/green/bin/gcc-arm-none-eabi-10-2020-q4-major/bin/../lib/gcc/arm-none-eabi/10.2.1/../../../../arm-none-eabi/lib/thumb/v7e-m+dp/hard/libc_nano.a
LOAD /home/green/bin/gcc-arm-none-eabi-10-2020-q4-major/bin/../lib/gcc/arm-none-eabi/10.2.1/../../../../arm-none-eabi/lib/thumb/v7e-m+dp/hard/libnosys.a
END GROUP
START GROUP
LOAD /home/green/bin/gcc-arm-none-eabi-10-2020-q4-major/bin/../lib/gcc/arm-none-eabi/10.2.1/thumb/v7e-m+dp/hard/libgcc.a
LOAD /home/green/bin/gcc-arm-none-eabi-10-2020-q4-major/bin/../lib/gcc/arm-none-eabi/10.2.1/../../../../arm-none-eabi/lib/thumb/v7e-m+dp/hard/libc_nano.a
LOAD /home/green/bin/gcc-arm-none-eabi-10-2020-q4-major/bin/../lib/gcc/arm-none-eabi/10.2.1/../../../../arm-none-eabi/lib/thumb/v7e-m+dp/hard/libnosys.a
END GROUP
LOAD /home/green/bin/gcc-arm-none-eabi-10-2020-q4-major/bin/../lib/gcc/arm-none-eabi/10.2.1/thumb/v7e-m+dp/hard/crtend.o
LOAD /home/green/bin/gcc-arm-none-eabi-10-2020-q4-major/bin/../lib/gcc/arm-none-eabi/10.2.1/thumb/v7e-m+dp/hard/crtn.o
                0x0000000020020000                _estack = 0x20020000

.isr_vector     0x0000000008000000      0x298
                0x0000000008000000                . = ALIGN (0x4)
 *(.isr_vector)
 .isr_vector    0x0000000008000000      0x298 build/startup_stm32h750xx.o
                0x0000000008000000                g_pfnVectors
                0x0000000008000298                . = ALIGN (0x4)

.text           0x00000000080002a0    0x1dc04
                0x00000000080002a0                . = ALIGN (0x4)
                0x00000000080002a0                _stext = .
 *(.text)
 .text          0x00000000080002a0       0x40 /home/green/bin/gcc-arm-none-eabi-10-2020-q4-major/bin/../lib/gcc/arm-none-eabi/10.2.1/thumb/v7e-m+dp/hard/crtbegin.o
 .text          0x00000000080002e0       0xa0 /home/green/bin/gcc-arm-none-eabi-10-2020-q4-major/bin/../lib/gcc/arm-none-eabi/10.2.1/../../../../arm-none-eabi/lib/thumb/v7e-m+dp/hard/libc_nano.a(lib_a-memchr.o)
                0x00000000080002e0                memchr
 .text          0x0000000008000380       0x30 /home/green/bin/gcc-arm-none-eabi-10-2020-q4-major/bin/../lib/gcc/arm-none-eabi/10.2.1/thumb/v7e-m+dp/hard/libgcc.a(_aeabi_uldivmod.o)
                0x0000000008000380                __aeabi_uldivmod
 .text          0x00000000080003b0      0x2d0 /home/green/bin/gcc-arm-none-eabi-10-2020-q4-major/bin/../lib/gcc/arm-none-eabi/10.2.1/thumb/v7e-m+dp/hard/libgcc.a(_udivmoddi4.o)
                0x00000000080003b0                __udivmoddi4
 .text          0x0000000008000680        0x4 /home/green/bin/gcc-arm-none-eabi-10-2020-q4-major/bin/../lib/gcc/arm-none-eabi/10.2.1/thumb/v7e-m+dp/hard/libgcc.a(_dvmd_tls.o)
                0x0000000008000680                __aeabi_ldiv0
                0x0000000008000680                __aeabi_idiv0
 *(.text*)
 .text.Default_Handler
                0x0000000008000684        0x4 build/startup_stm32h750xx.o
                0x0000000008000684                RTC_Alarm_IRQHandler
                0x0000000008000684                HASH_RNG_IRQHandler
                0x0000000008000684                EXTI2_IRQHandler
                0x0000000008000684                TIM8_CC_IRQHandler
                0x0000000008000684                HRTIM1_Master_IRQHandler
                0x0000000008000684                DebugMon_Handler
                0x0000000008000684                TIM1_CC_IRQHandler
                0x0000000008000684                BDMA_Channel6_IRQHandler
                0x0000000008000684                DMA2_Stream5_IRQHandler
                0x0000000008000684                HRTIM1_FLT_IRQHandler
                0x0000000008000684                JPEG_IRQHandler
                0x0000000008000684                BDMA_Channel1_IRQHandler
                0x0000000008000684                HRTIM1_TIMD_IRQHandler
                0x0000000008000684                TAMP_STAMP_IRQHandler
                0x0000000008000684                PendSV_Handler
                0x0000000008000684                NMI_Handler
                0x0000000008000684                EXTI3_IRQHandler
                0x0000000008000684                LPTIM4_IRQHandler
                0x0000000008000684                TIM8_TRG_COM_TIM14_IRQHandler
                0x0000000008000684                LPTIM2_IRQHandler
                0x0000000008000684                DFSDM1_FLT1_IRQHandler
                0x0000000008000684                DMAMUX2_OVR_IRQHandler
                0x0000000008000684                TIM8_UP_TIM13_IRQHandler
                0x0000000008000684                I2C3_ER_IRQHandler
                0x0000000008000684                DFSDM1_FLT2_IRQHandler
                0x0000000008000684                MDMA_IRQHandler
                0x0000000008000684                LPTIM3_IRQHandler
                0x0000000008000684                HSEM1_IRQHandler
                0x0000000008000684                EXTI0_IRQHandler
                0x0000000008000684                FPU_IRQHandler
                0x0000000008000684                OTG_HS_WKUP_IRQHandler
                0x0000000008000684                FDCAN1_IT1_IRQHandler
                0x0000000008000684                UsageFault_Handler
                0x0000000008000684                LTDC_ER_IRQHandler
                0x0000000008000684                HRTIM1_TIME_IRQHandler
                0x0000000008000684                TIM6_DAC_IRQHandler
                0x0000000008000684                DCMI_IRQHandler
                0x0000000008000684                HRTIM1_TIMC_IRQHandler
                0x0000000008000684                SAI2_IRQHandler
                0x0000000008000684                DFSDM1_FLT3_IRQHandler
                0x0000000008000684                TIM17_IRQHandler
                0x0000000008000684                CRYP_IRQHandler
                0x0000000008000684                BDMA_Channel7_IRQHandler
                0x0000000008000684                LPTIM5_IRQHandler
                0x0000000008000684                ADC3_IRQHandler
                0x0000000008000684                DMA2_Stream0_IRQHandler
                0x0000000008000684                BDMA_Channel2_IRQHandler
                0x0000000008000684                DMAMUX1_OVR_IRQHandler
                0x0000000008000684                TIM16_IRQHandler
                0x0000000008000684                BDMA_Channel5_IRQHandler
                0x0000000008000684                RCC_IRQHandler
                0x0000000008000684                TIM8_BRK_TIM12_IRQHandler
                0x0000000008000684                TIM1_TRG_COM_IRQHandler
                0x0000000008000684                Default_Handler
                0x0000000008000684                ECC_IRQHandler
                0x0000000008000684                CEC_IRQHandler
                0x0000000008000684                EXTI15_10_IRQHandler
                0x0000000008000684                BDMA_Channel0_IRQHandler
                0x0000000008000684                ADC_IRQHandler
                0x0000000008000684                DMA1_Stream7_IRQHandler
                0x0000000008000684                HRTIM1_TIMA_IRQHandler
                0x0000000008000684                TIM7_IRQHandler
                0x0000000008000684                SDMMC1_IRQHandler
                0x0000000008000684                DMA2_Stream7_IRQHandler
                0x0000000008000684                TIM15_IRQHandler
                0x0000000008000684                PVD_AVD_IRQHandler
                0x0000000008000684                EXTI9_5_IRQHandler
                0x0000000008000684                RTC_WKUP_IRQHandler
                0x0000000008000684                LTDC_IRQHandler
                0x0000000008000684                SAI3_IRQHandler
                0x0000000008000684                ETH_WKUP_IRQHandler
                0x0000000008000684                SPDIF_RX_IRQHandler
                0x0000000008000684                MemManage_Handler
                0x0000000008000684                SVC_Handler
                0x0000000008000684                CRS_IRQHandler
                0x0000000008000684                EXTI4_IRQHandler
                0x0000000008000684                HRTIM1_TIMB_IRQHandler
                0x0000000008000684                FDCAN2_IT1_IRQHandler
                0x0000000008000684                ETH_IRQHandler
                0x0000000008000684                TIM1_UP_IRQHandler
                0x0000000008000684                BDMA_Channel4_IRQHandler
                0x0000000008000684                WWDG_IRQHandler
                0x0000000008000684                SPI6_IRQHandler
                0x0000000008000684                I2C4_EV_IRQHandler
                0x0000000008000684                MDIOS_IRQHandler
                0x0000000008000684                FDCAN2_IT0_IRQHandler
                0x0000000008000684                FDCAN1_IT0_IRQHandler
                0x0000000008000684                OTG_FS_WKUP_IRQHandler
                0x0000000008000684                DMA2D_IRQHandler
                0x0000000008000684                TIM1_BRK_IRQHandler
                0x0000000008000684                EXTI1_IRQHandler
                0x0000000008000684                SDMMC2_IRQHandler
                0x0000000008000684                BDMA_Channel3_IRQHandler
                0x0000000008000684                MDIOS_WKUP_IRQHandler
                0x0000000008000684                DFSDM1_FLT0_IRQHandler
                0x0000000008000684                SAI4_IRQHandler
                0x0000000008000684                I2C2_ER_IRQHandler
                0x0000000008000684                DMA2_Stream1_IRQHandler
                0x0000000008000684                FLASH_IRQHandler
                0x0000000008000684                BusFault_Handler
                0x0000000008000684                WAKEUP_PIN_IRQHandler
                0x0000000008000684                I2C1_ER_IRQHandler
                0x0000000008000684                FMC_IRQHandler
                0x0000000008000684                FDCAN_CAL_IRQHandler
                0x0000000008000684                SWPMI1_IRQHandler
                0x0000000008000684                COMP1_IRQHandler
                0x0000000008000684                LPTIM1_IRQHandler
                0x0000000008000684                I2C4_ER_IRQHandler
                0x0000000008000684                DMA2_Stream6_IRQHandler
                0x0000000008000684                SAI1_IRQHandler
 .text.Reset_Handler
                0x0000000008000688       0x44 build/startup_stm32h750xx.o
                0x0000000008000688                Reset_Handler
 .text._ZN5daisy9ParameterD2Ev
                0x00000000080006cc        0x4 build/altair.o
                0x00000000080006cc                daisy::Parameter::~Parameter()
                0x00000000080006cc                daisy::Parameter::~Parameter()
 .text._ZN5daisy3LedD2Ev
                0x00000000080006d0        0x4 build/altair.o
                0x00000000080006d0                daisy::Led::~Led()
                0x00000000080006d0                daisy::Led::~Led()
 .text._ZN16clevelandmusicco8HothouseD2Ev
                0x00000000080006d4        0x4 build/altair.o
                0x00000000080006d4                clevelandmusicco::Hothouse::~Hothouse()
                0x00000000080006d4                clevelandmusicco::Hothouse::~Hothouse()
 .text._ZNSt6vectorIfSaIfEED2Ev
                0x00000000080006d8       0x14 build/altair.o
                0x00000000080006d8                std::vector<float, std::allocator<float> >::~vector()
                0x00000000080006d8                std::vector<float, std::allocator<float> >::~vector()
 .text._ZN8RTNeural6ModelTIfLi1ELi1EJNS_9GRULayerTIfLi1ELi9ELNS_24SampleRateCorrectionModeE0ENS_20DefaultMathsProviderEEENS_6DenseTIfLi9ELi1ELb1EEEEED2Ev
                0x00000000080006ec       0x18 build/altair.o
                0x00000000080006ec                RTNeural::ModelT<float, 1, 1, RTNeural::GRULayerT<float, 1, 9, (RTNeural::SampleRateCorrectionMode)0, RTNeural::DefaultMathsProvider>, RTNeural::DenseT<float, 9, 1, true> >::~ModelT()
                0x00000000080006ec                RTNeural::ModelT<float, 1, 1, RTNeural::GRULayerT<float, 1, 9, (RTNeural::SampleRateCorrectionMode)0, RTNeural::DefaultMathsProvider>, RTNeural::DenseT<float, 9, 1, true> >::~ModelT()
 .text._ZNSt6vectorIfSaIfEEaSERKS1_.isra.0
                0x0000000008000704       0xc0 build/altair.o
 .text._ZNSt6vectorIfSaIfEE19_M_range_initializeIPKfEEvT_S5_St20forward_iterator_tag.constprop.0
                0x00000000080007c4       0x48 build/altair.o
 .text._ZNSt6vectorIfSaIfEE13_M_assign_auxIPKfEEvT_S5_St20forward_iterator_tag.isra.0
                0x000000000800080c       0xc4 build/altair.o
 .text._ZNSt6vectorIS_IfSaIfEESaIS1_EED2Ev
                0x00000000080008d0       0x3c build/altair.o
                0x00000000080008d0                std::vector<std::vector<float, std::allocator<float> >, std::allocator<std::vector<float, std::allocator<float> > > >::~vector()
                0x00000000080008d0                std::vector<std::vector<float, std::allocator<float> >, std::allocator<std::vector<float, std::allocator<float> > > >::~vector()
 .text._ZNSt6vectorI9modelDataSaIS0_EED2Ev
                0x000000000800090c      0x158 build/altair.o
                0x000000000800090c                std::vector<modelData, std::allocator<modelData> >::~vector()
                0x000000000800090c                std::vector<modelData, std::allocator<modelData> >::~vector()
 .text._ZN9modelDataD2Ev
                0x0000000008000a64       0xe8 build/altair.o
                0x0000000008000a64                modelData::~modelData()
                0x0000000008000a64                modelData::~modelData()
 .text._ZNSt6vectorIS_IfSaIfEESaIS1_EE13_M_assign_auxIPKS1_EEvT_S7_St20forward_iterator_tag.constprop.0
                0x0000000008000b4c      0x23c build/altair.o
 .text._ZNSt6vectorIS_IfSaIfEESaIS1_EEaSERKS3_.isra.0
                0x0000000008000d88      0x21c build/altair.o
 .text._Z13AudioCallbackPKPKfPPfj
                0x0000000008000fa4      0xe40 build/altair.o
                0x0000000008000fa4                AudioCallback(float const* const*, float**, unsigned int)
 .text._ZN9modelDataC2ERKS_
                0x0000000008001de4      0x334 build/altair.o
                0x0000000008001de4                modelData::modelData(modelData const&)
                0x0000000008001de4                modelData::modelData(modelData const&)
 .text._Z12setupWeightsv
                0x0000000008002118     0x2a40 build/altair.o
                0x0000000008002118                setupWeights()
 .text._Z8setup_irv
                0x0000000008004b58       0x8c build/altair.o
                0x0000000008004b58                setup_ir()
 .text._Z11setup_modelv
                0x0000000008004be4      0x410 build/altair.o
                0x0000000008004be4                setup_model()
 *fill*         0x0000000008004ff4        0x4 
 .text.startup.main
                0x0000000008004ff8      0x23c build/altair.o
                0x0000000008004ff8                main
 .text._ZNSt6vectorIfSaIfEEC2ERKS1_
                0x0000000008005234       0x58 build/altair.o
                0x0000000008005234                std::vector<float, std::allocator<float> >::vector(std::vector<float, std::allocator<float> > const&)
                0x0000000008005234                std::vector<float, std::allocator<float> >::vector(std::vector<float, std::allocator<float> > const&)
 .text.startup._Z41__static_initialization_and_destruction_0ii.constprop.0
                0x000000000800528c      0x8dc build/altair.o
 .text.startup._GLOBAL__sub_I_Model1
                0x0000000008005b68        0x4 build/altair.o
 .text._ZN16clevelandmusicco8Hothouse7DelayMsEj
                0x0000000008005b6c        0x4 build/hothouse.o
                0x0000000008005b6c                clevelandmusicco::Hothouse::DelayMs(unsigned int)
 .text._ZN16clevelandmusicco8Hothouse10StartAudioEPFvPKPKfPPfjE
                0x0000000008005b70        0x4 build/hothouse.o
                0x0000000008005b70                clevelandmusicco::Hothouse::StartAudio(void (*)(float const* const*, float**, unsigned int))
 .text._ZN16clevelandmusicco8Hothouse17SetAudioBlockSizeEj
                0x0000000008005b74       0x24 build/hothouse.o
                0x0000000008005b74                clevelandmusicco::Hothouse::SetAudioBlockSize(unsigned int)
 .text._ZN16clevelandmusicco8Hothouse18SetAudioSampleRateEN5daisy9SaiHandle6Config10SampleRateE
                0x0000000008005b98       0x24 build/hothouse.o
                0x0000000008005b98                clevelandmusicco::Hothouse::SetAudioSampleRate(daisy::SaiHandle::Config::SampleRate)
 .text._ZN16clevelandmusicco8Hothouse8StartAdcEv
                0x0000000008005bbc        0x8 build/hothouse.o
                0x0000000008005bbc                clevelandmusicco::Hothouse::StartAdc()
 .text._ZN16clevelandmusicco8Hothouse21ProcessAnalogControlsEv
                0x0000000008005bc4       0x18 build/hothouse.o
                0x0000000008005bc4                clevelandmusicco::Hothouse::ProcessAnalogControls()
 .text._ZN16clevelandmusicco8Hothouse18InitAnalogControlsEv
                0x0000000008005bdc       0x88 build/hothouse.o
                0x0000000008005bdc                clevelandmusicco::Hothouse::InitAnalogControls()
 .text._ZN16clevelandmusicco8Hothouse4InitEb
                0x0000000008005c64       0x78 build/hothouse.o
                0x0000000008005c64                clevelandmusicco::Hothouse::Init(bool)
 .text._ZN16clevelandmusicco8Hothouse23GetToggleswitchPositionENS0_12ToggleswitchE
                0x0000000008005cdc       0x58 build/hothouse.o
                0x0000000008005cdc                clevelandmusicco::Hothouse::GetToggleswitchPosition(clevelandmusicco::Hothouse::Toggleswitch)
 .text._ZN16clevelandmusicco8Hothouse22CheckResetToBootloaderEv
                0x0000000008005d34       0xdc build/hothouse.o
                0x0000000008005d34                clevelandmusicco::Hothouse::CheckResetToBootloader()
 .text._ZN16clevelandmusicco8Hothouse24ProcessFootswitchPressesENS0_8SwitchesE
                0x0000000008005e10      0x14c build/hothouse.o
                0x0000000008005e10                clevelandmusicco::Hothouse::ProcessFootswitchPresses(clevelandmusicco::Hothouse::Switches)
 .text._ZN16clevelandmusicco8Hothouse22ProcessDigitalControlsEv
                0x0000000008005f5c       0x2c build/hothouse.o
                0x0000000008005f5c                clevelandmusicco::Hothouse::ProcessDigitalControls()
 .text._ZN15ImpulseResponseC2Ev
                0x0000000008005f88       0x20 build/ImpulseResponse.o
                0x0000000008005f88                ImpulseResponse::ImpulseResponse()
                0x0000000008005f88                ImpulseResponse::ImpulseResponse()
 .text._ZN15ImpulseResponseD2Ev
                0x0000000008005fa8       0x28 build/ImpulseResponse.o
                0x0000000008005fa8                ImpulseResponse::~ImpulseResponse()
                0x0000000008005fa8                ImpulseResponse::~ImpulseResponse()
 .text._ZN15ImpulseResponse7ProcessEf
                0x0000000008005fd0       0x98 build/ImpulseResponse.o
                0x0000000008005fd0                ImpulseResponse::Process(float)
 .text._ZNSt6vectorIfSaIfEE17_M_default_appendEj
                0x0000000008006068       0xd8 build/ImpulseResponse.o
                0x0000000008006068                std::vector<float, std::allocator<float> >::_M_default_append(unsigned int)
 .text._ZN15ImpulseResponse11_SetWeightsEv
                0x0000000008006140      0x114 build/ImpulseResponse.o
                0x0000000008006140                ImpulseResponse::_SetWeights()
 .text._ZN15ImpulseResponse4InitESt6vectorIfSaIfEE
                0x0000000008006254       0xc8 build/ImpulseResponse.o
                0x0000000008006254                ImpulseResponse::Init(std::vector<float, std::allocator<float> >)
 .text._ZN7HistoryC2Ev
                0x000000000800631c       0x10 build/dsp.o
                0x000000000800631c                History::History()
                0x000000000800631c                History::History()
 .text._ZN7HistoryD2Ev
                0x000000000800632c       0x14 build/dsp.o
                0x000000000800632c                History::~History()
                0x000000000800632c                History::~History()
 .text._ZN7History20_AdvanceHistoryIndexEj
                0x0000000008006340        0x8 build/dsp.o
                0x0000000008006340                History::_AdvanceHistoryIndex(unsigned int)
 .text._ZN7History14_UpdateHistoryEf
                0x0000000008006348       0x40 build/dsp.o
                0x0000000008006348                History::_UpdateHistory(float)
 .text._ZN5daisy9DaisySeed9ConfigureEv
                0x0000000008006388        0x4 ../../libDaisy/build/libdaisy.a(daisy_seed.o)
                0x0000000008006388                daisy::DaisySeed::Configure()
 .text._ZN5daisy9DaisySeed6GetPinEh
                0x000000000800638c       0x2c ../../libDaisy/build/libdaisy.a(daisy_seed.o)
                0x000000000800638c                daisy::DaisySeed::GetPin(unsigned char)
 .text._ZN5daisy9DaisySeed7DelayMsEj
                0x00000000080063b8        0x8 ../../libDaisy/build/libdaisy.a(daisy_seed.o)
                0x00000000080063b8                daisy::DaisySeed::DelayMs(unsigned int)
 .text._ZN5daisy9DaisySeed10StartAudioEPFvPKPKfPPfjE
                0x00000000080063c0        0x8 ../../libDaisy/build/libdaisy.a(daisy_seed.o)
                0x00000000080063c0                daisy::DaisySeed::StartAudio(void (*)(float const* const*, float**, unsigned int))
 .text._ZN5daisy9DaisySeed9StopAudioEv
                0x00000000080063c8        0x8 ../../libDaisy/build/libdaisy.a(daisy_seed.o)
                0x00000000080063c8                daisy::DaisySeed::StopAudio()
 .text._ZN5daisy9DaisySeed18SetAudioSampleRateENS_9SaiHandle6Config10SampleRateE
                0x00000000080063d0       0x38 ../../libDaisy/build/libdaisy.a(daisy_seed.o)
                0x00000000080063d0                daisy::DaisySeed::SetAudioSampleRate(daisy::SaiHandle::Config::SampleRate)
 .text._ZN5daisy9DaisySeed17SetAudioBlockSizeEj
                0x0000000008006408       0x38 ../../libDaisy/build/libdaisy.a(daisy_seed.o)
                0x0000000008006408                daisy::DaisySeed::SetAudioBlockSize(unsigned int)
 .text._ZNK5daisy9DaisySeed17AudioCallbackRateEv
                0x0000000008006440        0x8 ../../libDaisy/build/libdaisy.a(daisy_seed.o)
                0x0000000008006440                daisy::DaisySeed::AudioCallbackRate() const
 .text._ZN5daisy9DaisySeed17CheckBoardVersionEv
                0x0000000008006448       0x6c ../../libDaisy/build/libdaisy.a(daisy_seed.o)
                0x0000000008006448                daisy::DaisySeed::CheckBoardVersion()
 .text._ZN5daisy9DaisySeed14ConfigureAudioEv
                0x00000000080064b4      0x104 ../../libDaisy/build/libdaisy.a(daisy_seed.o)
                0x00000000080064b4                daisy::DaisySeed::ConfigureAudio()
 .text._ZN5daisy9DaisySeed4InitEb
                0x00000000080065b8      0x108 ../../libDaisy/build/libdaisy.a(daisy_seed.o)
                0x00000000080065b8                daisy::DaisySeed::Init(bool)
 .text._ZN5daisy6Ak45564InitE12dsy_gpio_pin
                0x00000000080066c0       0x44 ../../libDaisy/build/libdaisy.a(codec_ak4556.o)
                0x00000000080066c0                daisy::Ak4556::Init(dsy_gpio_pin)
 .text._ZN5daisy6Wm873120WriteControlRegisterEht
                0x0000000008006704       0x3c ../../libDaisy/build/libdaisy.a(codec_wm8731.o)
                0x0000000008006704                daisy::Wm8731::WriteControlRegister(unsigned char, unsigned short)
 .text._ZN5daisy6Wm87314InitERKNS0_6ConfigENS_9I2CHandleE
                0x0000000008006740      0x1bc ../../libDaisy/build/libdaisy.a(codec_wm8731.o)
                0x0000000008006740                daisy::Wm8731::Init(daisy::Wm8731::Config const&, daisy::I2CHandle)
 .text._ZN11SdramHandle10DeviceInitEv
                0x00000000080068fc       0x98 ../../libDaisy/build/libdaisy.a(sdram.o)
                0x00000000080068fc                SdramHandle::DeviceInit()
 .text._ZN11SdramHandle4InitEv
                0x0000000008006994       0x7c ../../libDaisy/build/libdaisy.a(sdram.o)
                0x0000000008006994                SdramHandle::Init()
 .text.HAL_SDRAM_MspInit
                0x0000000008006a10      0x1a8 ../../libDaisy/build/libdaisy.a(sdram.o)
                0x0000000008006a10                HAL_SDRAM_MspInit
 .text._ZN5daisy11AudioHandle4Impl16InternalCallbackEPlS2_j
                0x0000000008006bb8      0xbbc ../../libDaisy/build/libdaisy.a(audio.o)
                0x0000000008006bb8                daisy::AudioHandle::Impl::InternalCallback(long*, long*, unsigned int)
 .text._ZN5daisy11AudioHandle4InitERKNS0_6ConfigENS_9SaiHandleE
                0x0000000008007774       0x70 ../../libDaisy/build/libdaisy.a(audio.o)
                0x0000000008007774                daisy::AudioHandle::Init(daisy::AudioHandle::Config const&, daisy::SaiHandle)
 .text._ZNK5daisy11AudioHandle9GetConfigEv
                0x00000000080077e4        0x8 ../../libDaisy/build/libdaisy.a(audio.o)
                0x00000000080077e4                daisy::AudioHandle::GetConfig() const
 .text._ZN5daisy11AudioHandle12SetBlockSizeEj
                0x00000000080077ec       0x1c ../../libDaisy/build/libdaisy.a(audio.o)
                0x00000000080077ec                daisy::AudioHandle::SetBlockSize(unsigned int)
 .text._ZN5daisy11AudioHandle13GetSampleRateEv
                0x0000000008007808        0x8 ../../libDaisy/build/libdaisy.a(audio.o)
                0x0000000008007808                daisy::AudioHandle::GetSampleRate()
 .text._ZN5daisy11AudioHandle13SetSampleRateENS_9SaiHandle6Config10SampleRateE
                0x0000000008007810       0x88 ../../libDaisy/build/libdaisy.a(audio.o)
                0x0000000008007810                daisy::AudioHandle::SetSampleRate(daisy::SaiHandle::Config::SampleRate)
 .text._ZN5daisy11AudioHandle5StartEPFvPKPKfPPfjE
                0x0000000008007898       0x44 ../../libDaisy/build/libdaisy.a(audio.o)
                0x0000000008007898                daisy::AudioHandle::Start(void (*)(float const* const*, float**, unsigned int))
 .text._ZN5daisy11AudioHandle4StopEv
                0x00000000080078dc       0x20 ../../libDaisy/build/libdaisy.a(audio.o)
                0x00000000080078dc                daisy::AudioHandle::Stop()
 .text.startup._GLOBAL__sub_I__ZN5daisy11AudioHandle4Impl4InitENS0_6ConfigENS_9SaiHandleE
                0x00000000080078fc       0x24 ../../libDaisy/build/libdaisy.a(audio.o)
 .text._ZN5daisy13AnalogControl4InitEPtfbbf
                0x0000000008007920       0x64 ../../libDaisy/build/libdaisy.a(ctrl.o)
                0x0000000008007920                daisy::AnalogControl::Init(unsigned short*, float, bool, bool, float)
 .text._ZN5daisy13AnalogControl7ProcessEv
                0x0000000008007984       0x48 ../../libDaisy/build/libdaisy.a(ctrl.o)
                0x0000000008007984                daisy::AnalogControl::Process()
 .text._ZN5daisy13AnalogControl13SetSampleRateEf
                0x00000000080079cc       0x58 ../../libDaisy/build/libdaisy.a(ctrl.o)
                0x00000000080079cc                daisy::AnalogControl::SetSampleRate(float)
 .text._ZN5daisy3Led4InitE12dsy_gpio_pinbf
                0x0000000008007a24       0x48 ../../libDaisy/build/libdaisy.a(led.o)
                0x0000000008007a24                daisy::Led::Init(dsy_gpio_pin, bool, float)
 .text._ZN5daisy3Led3SetEf
                0x0000000008007a6c       0x24 ../../libDaisy/build/libdaisy.a(led.o)
                0x0000000008007a6c                daisy::Led::Set(float)
 .text._ZN5daisy3Led6UpdateEv
                0x0000000008007a90       0x48 ../../libDaisy/build/libdaisy.a(led.o)
                0x0000000008007a90                daisy::Led::Update()
 .text._ZN5daisy9UsbHandleD2Ev
                0x0000000008007ad8        0x4 ../../libDaisy/build/libdaisy.a(logger.o)
                0x0000000008007ad8                daisy::UsbHandle::~UsbHandle()
                0x0000000008007ad8                daisy::UsbHandle::~UsbHandle()
 .text._ZN5daisy6LoggerILNS_17LoggerDestinationE1EE11TransmitBufEv
                0x0000000008007adc       0x60 ../../libDaisy/build/libdaisy.a(logger.o)
                0x0000000008007adc                daisy::Logger<(daisy::LoggerDestination)1>::TransmitBuf()
 .text._ZN5daisy6LoggerILNS_17LoggerDestinationE1EE13AppendNewLineEv
                0x0000000008007b3c       0x60 ../../libDaisy/build/libdaisy.a(logger.o)
                0x0000000008007b3c                daisy::Logger<(daisy::LoggerDestination)1>::AppendNewLine()
 .text._ZN5daisy6LoggerILNS_17LoggerDestinationE1EE10PrintLineVEPKcSt9__va_list
                0x0000000008007b9c       0x30 ../../libDaisy/build/libdaisy.a(logger.o)
                0x0000000008007b9c                daisy::Logger<(daisy::LoggerDestination)1>::PrintLineV(char const*, std::__va_list)
 .text._ZN5daisy6LoggerILNS_17LoggerDestinationE1EE9PrintLineEPKcz
                0x0000000008007bcc       0x1c ../../libDaisy/build/libdaisy.a(logger.o)
                0x0000000008007bcc                daisy::Logger<(daisy::LoggerDestination)1>::PrintLine(char const*, ...)
 .text.startup._GLOBAL__sub_I__ZN5daisy10LoggerImplILNS_17LoggerDestinationE1EE11usb_handle_E
                0x0000000008007be8       0x2c ../../libDaisy/build/libdaisy.a(logger.o)
 .text._ZN5daisy9Parameter4InitENS_13AnalogControlEffNS0_5CurveE
                0x0000000008007c14       0x60 ../../libDaisy/build/libdaisy.a(parameter.o)
                0x0000000008007c14                daisy::Parameter::Init(daisy::AnalogControl, float, float, daisy::Parameter::Curve)
 .text._ZN5daisy9Parameter7ProcessEv
                0x0000000008007c74       0xac ../../libDaisy/build/libdaisy.a(parameter.o)
                0x0000000008007c74                daisy::Parameter::Process()
 .text._ZN5daisy6Switch4InitE12dsy_gpio_pinf
                0x0000000008007d20       0x34 ../../libDaisy/build/libdaisy.a(switch.o)
                0x0000000008007d20                daisy::Switch::Init(dsy_gpio_pin, float)
 .text._ZN5daisy6Switch8DebounceEv
                0x0000000008007d54       0x5c ../../libDaisy/build/libdaisy.a(switch.o)
                0x0000000008007d54                daisy::Switch::Debounce()
 .text._ZN5daisy9UsbHandle16TransmitInternalEPhj
                0x0000000008007db0       0x14 ../../libDaisy/build/libdaisy.a(usb.o)
                0x0000000008007db0                daisy::UsbHandle::TransmitInternal(unsigned char*, unsigned int)
 .text.OTG_FS_EP1_OUT_IRQHandler
                0x0000000008007dc4        0xc ../../libDaisy/build/libdaisy.a(usb.o)
                0x0000000008007dc4                OTG_FS_EP1_OUT_IRQHandler
 .text.OTG_FS_EP1_IN_IRQHandler
                0x0000000008007dd0        0xc ../../libDaisy/build/libdaisy.a(usb.o)
                0x0000000008007dd0                OTG_FS_EP1_IN_IRQHandler
 .text.OTG_FS_IRQHandler
                0x0000000008007ddc        0xc ../../libDaisy/build/libdaisy.a(usb.o)
                0x0000000008007ddc                OTG_FS_IRQHandler
 .text._ZN5daisy16AdcChannelConfig10InitSingleE12dsy_gpio_pinNS0_15ConversionSpeedE
                0x0000000008007de8       0x28 ../../libDaisy/build/libdaisy.a(adc.o)
                0x0000000008007de8                daisy::AdcChannelConfig::InitSingle(dsy_gpio_pin, daisy::AdcChannelConfig::ConversionSpeed)
 .text._ZN5daisy9AdcHandle4InitEPNS_16AdcChannelConfigEjNS0_12OverSamplingE
                0x0000000008007e10      0x41c ../../libDaisy/build/libdaisy.a(adc.o)
                0x0000000008007e10                daisy::AdcHandle::Init(daisy::AdcChannelConfig*, unsigned int, daisy::AdcHandle::OverSampling)
 .text._ZN5daisy9AdcHandle5StartEv
                0x000000000800822c       0x2c ../../libDaisy/build/libdaisy.a(adc.o)
                0x000000000800822c                daisy::AdcHandle::Start()
 .text._ZN5daisy9AdcHandle4StopEv
                0x0000000008008258        0xc ../../libDaisy/build/libdaisy.a(adc.o)
                0x0000000008008258                daisy::AdcHandle::Stop()
 .text._ZNK5daisy9AdcHandle6GetPtrEh
                0x0000000008008264       0x14 ../../libDaisy/build/libdaisy.a(adc.o)
                0x0000000008008264                daisy::AdcHandle::GetPtr(unsigned char) const
 .text.HAL_ADC_MspInit
                0x0000000008008278       0x98 ../../libDaisy/build/libdaisy.a(adc.o)
                0x0000000008008278                HAL_ADC_MspInit
 .text.DMA1_Stream2_IRQHandler
                0x0000000008008310        0xc ../../libDaisy/build/libdaisy.a(adc.o)
                0x0000000008008310                DMA1_Stream2_IRQHandler
 .text.HAL_ADC_ConvCpltCallback
                0x000000000800831c      0x148 ../../libDaisy/build/libdaisy.a(adc.o)
                0x000000000800831c                HAL_ADC_ConvCpltCallback
 .text.HAL_ADC_ErrorCallback
                0x0000000008008464        0x4 ../../libDaisy/build/libdaisy.a(adc.o)
                0x0000000008008464                HAL_ADC_ErrorCallback
 .text._ZN5daisy4GPIO4InitENS_3PinENS0_4ModeENS0_4PullENS0_5SpeedE
                0x0000000008008468      0x1cc ../../libDaisy/build/libdaisy.a(gpio.o)
                0x0000000008008468                daisy::GPIO::Init(daisy::Pin, daisy::GPIO::Mode, daisy::GPIO::Pull, daisy::GPIO::Speed)
 .text._ZN5daisy4GPIO4ReadEv
                0x0000000008008634       0x18 ../../libDaisy/build/libdaisy.a(gpio.o)
                0x0000000008008634                daisy::GPIO::Read()
 .text._ZN5daisy4GPIO5WriteEb
                0x000000000800864c       0x14 ../../libDaisy/build/libdaisy.a(gpio.o)
                0x000000000800864c                daisy::GPIO::Write(bool)
 .text.dsy_gpio_init
                0x0000000008008660      0x1b8 ../../libDaisy/build/libdaisy.a(gpio.o)
                0x0000000008008660                dsy_gpio_init
 .text.dsy_gpio_read
                0x0000000008008818       0x1c ../../libDaisy/build/libdaisy.a(gpio.o)
                0x0000000008008818                dsy_gpio_read
 .text.dsy_gpio_write
                0x0000000008008834       0x24 ../../libDaisy/build/libdaisy.a(gpio.o)
                0x0000000008008834                dsy_gpio_write
 .text._ZN5daisy9I2CHandle4Impl8InitPinsEv
                0x0000000008008858       0x58 ../../libDaisy/build/libdaisy.a(i2c.o)
                0x0000000008008858                daisy::I2CHandle::Impl::InitPins()
 .text.HAL_I2C_MspInit
                0x00000000080088b0      0x1b4 ../../libDaisy/build/libdaisy.a(i2c.o)
                0x00000000080088b0                HAL_I2C_MspInit
 .text.dsy_i2c_global_init
                0x0000000008008a64       0x78 ../../libDaisy/build/libdaisy.a(i2c.o)
                0x0000000008008a64                dsy_i2c_global_init
 .text.DMA1_Stream6_IRQHandler
                0x0000000008008adc       0x34 ../../libDaisy/build/libdaisy.a(i2c.o)
                0x0000000008008adc                DMA1_Stream6_IRQHandler
 .text.I2C1_EV_IRQHandler
                0x0000000008008b10        0xc ../../libDaisy/build/libdaisy.a(i2c.o)
                0x0000000008008b10                I2C1_EV_IRQHandler
 .text.I2C2_EV_IRQHandler
                0x0000000008008b1c        0xc ../../libDaisy/build/libdaisy.a(i2c.o)
                0x0000000008008b1c                I2C2_EV_IRQHandler
 .text.I2C3_EV_IRQHandler
                0x0000000008008b28        0xc ../../libDaisy/build/libdaisy.a(i2c.o)
                0x0000000008008b28                I2C3_EV_IRQHandler
 .text._ZN5daisy9I2CHandle4InitERKNS0_6ConfigE
                0x0000000008008b34      0x134 ../../libDaisy/build/libdaisy.a(i2c.o)
                0x0000000008008b34                daisy::I2CHandle::Init(daisy::I2CHandle::Config const&)
 .text._ZN5daisy9I2CHandle16TransmitBlockingEtPhtm
                0x0000000008008c68       0x50 ../../libDaisy/build/libdaisy.a(i2c.o)
                0x0000000008008c68                daisy::I2CHandle::TransmitBlocking(unsigned short, unsigned char*, unsigned short, unsigned long)
 .text.startup._GLOBAL__sub_I__ZN5daisy9I2CHandle4Impl10GlobalInitEv
                0x0000000008008cb8       0x18 ../../libDaisy/build/libdaisy.a(i2c.o)
 .text._ZN5daisy10QSPIHandle4Impl11WriteEnableEv
                0x0000000008008cd0       0x8c ../../libDaisy/build/libdaisy.a(qspi.o)
                0x0000000008008cd0                daisy::QSPIHandle::Impl::WriteEnable()
 *fill*         0x0000000008008d5c        0x4 
 .text._ZN5daisy10QSPIHandle4Impl17DummyCyclesConfigENS0_6Config6DeviceE
                0x0000000008008d60      0x118 ../../libDaisy/build/libdaisy.a(qspi.o)
                0x0000000008008d60                daisy::QSPIHandle::Impl::DummyCyclesConfig(daisy::QSPIHandle::Config::Device)
 .text._ZN5daisy10QSPIHandle4Impl10QuadEnableEv
                0x0000000008008e78      0x158 ../../libDaisy/build/libdaisy.a(qspi.o)
                0x0000000008008e78                daisy::QSPIHandle::Impl::QuadEnable()
 .text._ZN5daisy10QSPIHandle4InitERKNS0_6ConfigE
                0x0000000008008fd0      0x18c ../../libDaisy/build/libdaisy.a(qspi.o)
                0x0000000008008fd0                daisy::QSPIHandle::Init(daisy::QSPIHandle::Config const&)
 .text.HAL_QSPI_MspInit
                0x000000000800915c      0x11c ../../libDaisy/build/libdaisy.a(qspi.o)
                0x000000000800915c                HAL_QSPI_MspInit
 .text.HAL_QSPI_MspDeInit
                0x0000000008009278       0x54 ../../libDaisy/build/libdaisy.a(qspi.o)
                0x0000000008009278                HAL_QSPI_MspDeInit
 .text.QUADSPI_IRQHandler
                0x00000000080092cc        0xc ../../libDaisy/build/libdaisy.a(qspi.o)
                0x00000000080092cc                QUADSPI_IRQHandler
 .text.startup._GLOBAL__sub_I__ZN5daisy10QSPIHandle4Impl4InitERKNS0_6ConfigE
                0x00000000080092d8       0x28 ../../libDaisy/build/libdaisy.a(qspi.o)
 .text._ZN5daisy9SaiHandle4Impl7InitDmaENS1_15PeripheralBlockE
                0x0000000008009300       0xa0 ../../libDaisy/build/libdaisy.a(sai.o)
                0x0000000008009300                daisy::SaiHandle::Impl::InitDma(daisy::SaiHandle::Impl::PeripheralBlock)
 .text._ZN5daisy9SaiHandle4Impl8InitPinsEv
                0x00000000080093a0       0xa8 ../../libDaisy/build/libdaisy.a(sai.o)
                0x00000000080093a0                daisy::SaiHandle::Impl::InitPins()
 .text.HAL_SAI_MspInit
                0x0000000008009448      0x164 ../../libDaisy/build/libdaisy.a(sai.o)
                0x0000000008009448                HAL_SAI_MspInit
 .text.DMA1_Stream0_IRQHandler
                0x00000000080095ac        0xc ../../libDaisy/build/libdaisy.a(sai.o)
                0x00000000080095ac                DMA1_Stream0_IRQHandler
 .text.DMA1_Stream1_IRQHandler
                0x00000000080095b8        0xc ../../libDaisy/build/libdaisy.a(sai.o)
                0x00000000080095b8                DMA1_Stream1_IRQHandler
 .text.DMA1_Stream3_IRQHandler
                0x00000000080095c4        0xc ../../libDaisy/build/libdaisy.a(sai.o)
                0x00000000080095c4                DMA1_Stream3_IRQHandler
 .text.DMA1_Stream4_IRQHandler
                0x00000000080095d0        0xc ../../libDaisy/build/libdaisy.a(sai.o)
                0x00000000080095d0                DMA1_Stream4_IRQHandler
 .text.HAL_SAI_RxHalfCpltCallback
                0x00000000080095dc       0x78 ../../libDaisy/build/libdaisy.a(sai.o)
                0x00000000080095dc                HAL_SAI_RxHalfCpltCallback
 .text.HAL_SAI_RxCpltCallback
                0x0000000008009654       0x70 ../../libDaisy/build/libdaisy.a(sai.o)
                0x0000000008009654                HAL_SAI_RxCpltCallback
 *fill*         0x00000000080096c4        0x4 
 .text._ZN5daisy9SaiHandle4InitERKNS0_6ConfigE
                0x00000000080096c8      0x1f0 ../../libDaisy/build/libdaisy.a(sai.o)
                0x00000000080096c8                daisy::SaiHandle::Init(daisy::SaiHandle::Config const&)
 .text._ZNK5daisy9SaiHandle9GetConfigEv
                0x00000000080098b8        0x4 ../../libDaisy/build/libdaisy.a(sai.o)
                0x00000000080098b8                daisy::SaiHandle::GetConfig() const
 .text._ZN5daisy9SaiHandle8StartDmaEPlS1_jPFvS1_S1_jE
                0x00000000080098bc       0xbc ../../libDaisy/build/libdaisy.a(sai.o)
                0x00000000080098bc                daisy::SaiHandle::StartDma(long*, long*, unsigned int, void (*)(long*, long*, unsigned int))
 .text._ZN5daisy9SaiHandle7StopDmaEv
                0x0000000008009978       0x18 ../../libDaisy/build/libdaisy.a(sai.o)
                0x0000000008009978                daisy::SaiHandle::StopDma()
 .text._ZN5daisy9SaiHandle13GetSampleRateEv
                0x0000000008009990       0x24 ../../libDaisy/build/libdaisy.a(sai.o)
                0x0000000008009990                daisy::SaiHandle::GetSampleRate()
 .text._ZNK5daisy9SaiHandle9GetOffsetEv
                0x00000000080099b4        0x8 ../../libDaisy/build/libdaisy.a(sai.o)
                0x00000000080099b4                daisy::SaiHandle::GetOffset() const
 .text._ZN5daisy11TimerHandleD2Ev
                0x00000000080099bc        0x4 ../../libDaisy/build/libdaisy.a(system.o)
                0x00000000080099bc                daisy::TimerHandle::~TimerHandle()
                0x00000000080099bc                daisy::TimerHandle::~TimerHandle()
 .text.SysTick_Handler
                0x00000000080099c0       0x10 ../../libDaisy/build/libdaisy.a(system.o)
                0x00000000080099c0                SysTick_Handler
 .text.OTG_HS_EP1_OUT_IRQHandler
                0x00000000080099d0       0x24 ../../libDaisy/build/libdaisy.a(system.o)
                0x00000000080099d0                OTG_HS_EP1_OUT_IRQHandler
 .text.OTG_HS_EP1_IN_IRQHandler
                0x00000000080099f4       0x24 ../../libDaisy/build/libdaisy.a(system.o)
                0x00000000080099f4                OTG_HS_EP1_IN_IRQHandler
 .text.OTG_HS_IRQHandler
                0x0000000008009a18       0x24 ../../libDaisy/build/libdaisy.a(system.o)
                0x0000000008009a18                OTG_HS_IRQHandler
 .text.HardFault_Handler
                0x0000000008009a3c       0xe0 ../../libDaisy/build/libdaisy.a(system.o)
                0x0000000008009a3c                HardFault_Handler
 .text._ZN5daisy6System6GetNowEv
                0x0000000008009b1c        0x4 ../../libDaisy/build/libdaisy.a(system.o)
                0x0000000008009b1c                daisy::System::GetNow()
 .text._ZN5daisy6System5DelayEm
                0x0000000008009b20        0x4 ../../libDaisy/build/libdaisy.a(system.o)
                0x0000000008009b20                daisy::System::Delay(unsigned long)
 .text._ZN5daisy6System17ResetToBootloaderENS0_14BootloaderModeE
                0x0000000008009b24       0x8c ../../libDaisy/build/libdaisy.a(system.o)
                0x0000000008009b24                daisy::System::ResetToBootloader(daisy::System::BootloaderMode)
 .text._ZN5daisy6System20GetBootloaderVersionEv
                0x0000000008009bb0       0x34 ../../libDaisy/build/libdaisy.a(system.o)
                0x0000000008009bb0                daisy::System::GetBootloaderVersion()
 *fill*         0x0000000008009be4        0x4 
 .text._ZN5daisy6System15ConfigureClocksEv
                0x0000000008009be8      0x1a4 ../../libDaisy/build/libdaisy.a(system.o)
                0x0000000008009be8                daisy::System::ConfigureClocks()
 .text._ZN5daisy6System12ConfigureMpuEv
                0x0000000008009d8c       0x7c ../../libDaisy/build/libdaisy.a(system.o)
                0x0000000008009d8c                daisy::System::ConfigureMpu()
 .text._ZN5daisy6System4InitERKNS0_6ConfigE
                0x0000000008009e08       0xf8 ../../libDaisy/build/libdaisy.a(system.o)
                0x0000000008009e08                daisy::System::Init(daisy::System::Config const&)
 .text._ZN5daisy6System12GetPClk1FreqEv
                0x0000000008009f00        0x4 ../../libDaisy/build/libdaisy.a(system.o)
                0x0000000008009f00                daisy::System::GetPClk1Freq()
 .text._ZN5daisy6System22GetProgramMemoryRegionEv
                0x0000000008009f04       0x78 ../../libDaisy/build/libdaisy.a(system.o)
                0x0000000008009f04                daisy::System::GetProgramMemoryRegion()
 .text.startup._GLOBAL__sub_I__ZN5daisy9boot_infoE
                0x0000000008009f7c       0x1c ../../libDaisy/build/libdaisy.a(system.o)
 .text.SystemInit
                0x0000000008009f98       0x9c ../../libDaisy/build/libdaisy.a(system_stm32h7xx.o)
                0x0000000008009f98                SystemInit
 .text.CDC_Transmit_FS
                0x000000000800a034       0x2c ../../libDaisy/build/libdaisy.a(usbd_cdc_if.o)
                0x000000000800a034                CDC_Transmit_FS
 .text.HAL_PCD_SetupStageCallback
                0x000000000800a060        0xc ../../libDaisy/build/libdaisy.a(usbd_conf.o)
                0x000000000800a060                HAL_PCD_SetupStageCallback
 .text.HAL_PCD_DataOutStageCallback
                0x000000000800a06c       0x14 ../../libDaisy/build/libdaisy.a(usbd_conf.o)
                0x000000000800a06c                HAL_PCD_DataOutStageCallback
 .text.HAL_PCD_DataInStageCallback
                0x000000000800a080       0x14 ../../libDaisy/build/libdaisy.a(usbd_conf.o)
                0x000000000800a080                HAL_PCD_DataInStageCallback
 .text.HAL_PCD_SOFCallback
                0x000000000800a094        0x8 ../../libDaisy/build/libdaisy.a(usbd_conf.o)
                0x000000000800a094                HAL_PCD_SOFCallback
 .text.HAL_PCD_ResetCallback
                0x000000000800a09c       0x24 ../../libDaisy/build/libdaisy.a(usbd_conf.o)
                0x000000000800a09c                HAL_PCD_ResetCallback
 .text.HAL_PCD_SuspendCallback
                0x000000000800a0c0       0x30 ../../libDaisy/build/libdaisy.a(usbd_conf.o)
                0x000000000800a0c0                HAL_PCD_SuspendCallback
 .text.HAL_PCD_ResumeCallback
                0x000000000800a0f0        0x8 ../../libDaisy/build/libdaisy.a(usbd_conf.o)
                0x000000000800a0f0                HAL_PCD_ResumeCallback
 .text.HAL_PCD_ISOOUTIncompleteCallback
                0x000000000800a0f8        0x8 ../../libDaisy/build/libdaisy.a(usbd_conf.o)
                0x000000000800a0f8                HAL_PCD_ISOOUTIncompleteCallback
 .text.HAL_PCD_ISOINIncompleteCallback
                0x000000000800a100        0x8 ../../libDaisy/build/libdaisy.a(usbd_conf.o)
                0x000000000800a100                HAL_PCD_ISOINIncompleteCallback
 .text.HAL_PCD_ConnectCallback
                0x000000000800a108        0x8 ../../libDaisy/build/libdaisy.a(usbd_conf.o)
                0x000000000800a108                HAL_PCD_ConnectCallback
 .text.HAL_PCD_DisconnectCallback
                0x000000000800a110        0x8 ../../libDaisy/build/libdaisy.a(usbd_conf.o)
                0x000000000800a110                HAL_PCD_DisconnectCallback
 .text.USBD_LL_OpenEP
                0x000000000800a118       0x24 ../../libDaisy/build/libdaisy.a(usbd_conf.o)
                0x000000000800a118                USBD_LL_OpenEP
 .text.USBD_LL_StallEP
                0x000000000800a13c       0x1c ../../libDaisy/build/libdaisy.a(usbd_conf.o)
                0x000000000800a13c                USBD_LL_StallEP
 .text.USBD_LL_ClearStallEP
                0x000000000800a158       0x1c ../../libDaisy/build/libdaisy.a(usbd_conf.o)
                0x000000000800a158                USBD_LL_ClearStallEP
 .text.USBD_LL_IsStallEP
                0x000000000800a174       0x28 ../../libDaisy/build/libdaisy.a(usbd_conf.o)
                0x000000000800a174                USBD_LL_IsStallEP
 .text.USBD_LL_SetUSBAddress
                0x000000000800a19c       0x1c ../../libDaisy/build/libdaisy.a(usbd_conf.o)
                0x000000000800a19c                USBD_LL_SetUSBAddress
 .text.USBD_LL_Transmit
                0x000000000800a1b8       0x1c ../../libDaisy/build/libdaisy.a(usbd_conf.o)
                0x000000000800a1b8                USBD_LL_Transmit
 .text.USBD_LL_PrepareReceive
                0x000000000800a1d4       0x1c ../../libDaisy/build/libdaisy.a(usbd_conf.o)
                0x000000000800a1d4                USBD_LL_PrepareReceive
 .text.HAL_HCD_SOF_Callback
                0x000000000800a1f0        0x8 ../../libDaisy/build/libdaisy.a(usbh_conf.o)
                0x000000000800a1f0                HAL_HCD_SOF_Callback
 .text.HAL_HCD_Connect_Callback
                0x000000000800a1f8        0x8 ../../libDaisy/build/libdaisy.a(usbh_conf.o)
                0x000000000800a1f8                HAL_HCD_Connect_Callback
 .text.HAL_HCD_Disconnect_Callback
                0x000000000800a200        0x8 ../../libDaisy/build/libdaisy.a(usbh_conf.o)
                0x000000000800a200                HAL_HCD_Disconnect_Callback
 .text.HAL_HCD_HC_NotifyURBChange_Callback
                0x000000000800a208        0x4 ../../libDaisy/build/libdaisy.a(usbh_conf.o)
                0x000000000800a208                HAL_HCD_HC_NotifyURBChange_Callback
 .text.HAL_HCD_PortEnabled_Callback
                0x000000000800a20c        0x8 ../../libDaisy/build/libdaisy.a(usbh_conf.o)
                0x000000000800a20c                HAL_HCD_PortEnabled_Callback
 .text.HAL_HCD_PortDisabled_Callback
                0x000000000800a214        0x8 ../../libDaisy/build/libdaisy.a(usbh_conf.o)
                0x000000000800a214                HAL_HCD_PortDisabled_Callback
 .text.USBH_LL_Stop
                0x000000000800a21c       0x1c ../../libDaisy/build/libdaisy.a(usbh_conf.o)
                0x000000000800a21c                USBH_LL_Stop
 .text.dsy_hal_map_get_port
                0x000000000800a238       0x10 ../../libDaisy/build/libdaisy.a(hal_map.o)
                0x000000000800a238                dsy_hal_map_get_port
 .text.dsy_hal_map_get_pin
                0x000000000800a248       0x10 ../../libDaisy/build/libdaisy.a(hal_map.o)
                0x000000000800a248                dsy_hal_map_get_pin
 .text.dsy_hal_map_gpio_clk_enable
                0x000000000800a258      0x150 ../../libDaisy/build/libdaisy.a(hal_map.o)
                0x000000000800a258                dsy_hal_map_gpio_clk_enable
 .text.HAL_MspInit
                0x000000000800a3a8        0x4 ../../libDaisy/build/libdaisy.a(stm32h7xx_hal.o)
                0x000000000800a3a8                HAL_MspInit
 .text.HAL_InitTick
                0x000000000800a3ac       0x4c ../../libDaisy/build/libdaisy.a(stm32h7xx_hal.o)
                0x000000000800a3ac                HAL_InitTick
 .text.HAL_Init
                0x000000000800a3f8       0x60 ../../libDaisy/build/libdaisy.a(stm32h7xx_hal.o)
                0x000000000800a3f8                HAL_Init
 .text.HAL_IncTick
                0x000000000800a458       0x18 ../../libDaisy/build/libdaisy.a(stm32h7xx_hal.o)
                0x000000000800a458                HAL_IncTick
 .text.HAL_GetTick
                0x000000000800a470        0xc ../../libDaisy/build/libdaisy.a(stm32h7xx_hal.o)
                0x000000000800a470                HAL_GetTick
 .text.HAL_Delay
                0x000000000800a47c       0x24 ../../libDaisy/build/libdaisy.a(stm32h7xx_hal.o)
                0x000000000800a47c                HAL_Delay
 .text.HAL_GetREVID
                0x000000000800a4a0        0xc ../../libDaisy/build/libdaisy.a(stm32h7xx_hal.o)
                0x000000000800a4a0                HAL_GetREVID
 .text.HAL_ADC_ConvHalfCpltCallback
                0x000000000800a4ac        0x4 ../../libDaisy/build/libdaisy.a(stm32h7xx_hal_adc.o)
                0x000000000800a4ac                HAL_ADC_ConvHalfCpltCallback
 .text.ADC_DMAHalfConvCplt
                0x000000000800a4b0        0xc ../../libDaisy/build/libdaisy.a(stm32h7xx_hal_adc.o)
                0x000000000800a4b0                ADC_DMAHalfConvCplt
 .text.ADC_DMAConvCplt
                0x000000000800a4bc       0x6c ../../libDaisy/build/libdaisy.a(stm32h7xx_hal_adc.o)
                0x000000000800a4bc                ADC_DMAConvCplt
 .text.ADC_DMAError
                0x000000000800a528       0x1c ../../libDaisy/build/libdaisy.a(stm32h7xx_hal_adc.o)
                0x000000000800a528                ADC_DMAError
 .text.HAL_ADC_ConfigChannel
                0x000000000800a544      0x440 ../../libDaisy/build/libdaisy.a(stm32h7xx_hal_adc.o)
                0x000000000800a544                HAL_ADC_ConfigChannel
 .text.ADC_ConversionStop
                0x000000000800a984       0xf8 ../../libDaisy/build/libdaisy.a(stm32h7xx_hal_adc.o)
                0x000000000800a984                ADC_ConversionStop
 .text.ADC_Enable
                0x000000000800aa7c       0xac ../../libDaisy/build/libdaisy.a(stm32h7xx_hal_adc.o)
                0x000000000800aa7c                ADC_Enable
 .text.HAL_ADC_Start_DMA
                0x000000000800ab28      0x124 ../../libDaisy/build/libdaisy.a(stm32h7xx_hal_adc.o)
                0x000000000800ab28                HAL_ADC_Start_DMA
 .text.ADC_Disable
                0x000000000800ac4c       0x74 ../../libDaisy/build/libdaisy.a(stm32h7xx_hal_adc.o)
                0x000000000800ac4c                ADC_Disable
 .text.HAL_ADC_Stop_DMA
                0x000000000800acc0       0x90 ../../libDaisy/build/libdaisy.a(stm32h7xx_hal_adc.o)
                0x000000000800acc0                HAL_ADC_Stop_DMA
 .text.ADC_ConfigureBoostMode
                0x000000000800ad50      0x17c ../../libDaisy/build/libdaisy.a(stm32h7xx_hal_adc.o)
                0x000000000800ad50                ADC_ConfigureBoostMode
 .text.HAL_ADC_Init
                0x000000000800aecc      0x21c ../../libDaisy/build/libdaisy.a(stm32h7xx_hal_adc.o)
                0x000000000800aecc                HAL_ADC_Init
 .text.HAL_ADCEx_Calibration_Start
                0x000000000800b0e8       0xa4 ../../libDaisy/build/libdaisy.a(stm32h7xx_hal_adc_ex.o)
                0x000000000800b0e8                HAL_ADCEx_Calibration_Start
 .text.HAL_ADCEx_MultiModeConfigChannel
                0x000000000800b18c       0xd0 ../../libDaisy/build/libdaisy.a(stm32h7xx_hal_adc_ex.o)
                0x000000000800b18c                HAL_ADCEx_MultiModeConfigChannel
 .text.HAL_NVIC_SetPriorityGrouping
                0x000000000800b25c       0x24 ../../libDaisy/build/libdaisy.a(stm32h7xx_hal_cortex.o)
                0x000000000800b25c                HAL_NVIC_SetPriorityGrouping
 .text.HAL_NVIC_SetPriority
                0x000000000800b280       0x7c ../../libDaisy/build/libdaisy.a(stm32h7xx_hal_cortex.o)
                0x000000000800b280                HAL_NVIC_SetPriority
 .text.HAL_NVIC_EnableIRQ
                0x000000000800b2fc       0x1c ../../libDaisy/build/libdaisy.a(stm32h7xx_hal_cortex.o)
                0x000000000800b2fc                HAL_NVIC_EnableIRQ
 .text.HAL_NVIC_DisableIRQ
                0x000000000800b318       0x28 ../../libDaisy/build/libdaisy.a(stm32h7xx_hal_cortex.o)
                0x000000000800b318                HAL_NVIC_DisableIRQ
 .text.HAL_NVIC_SystemReset
                0x000000000800b340       0x24 ../../libDaisy/build/libdaisy.a(stm32h7xx_hal_cortex.o)
                0x000000000800b340                HAL_NVIC_SystemReset
 .text.HAL_SYSTICK_Config
                0x000000000800b364       0x2c ../../libDaisy/build/libdaisy.a(stm32h7xx_hal_cortex.o)
                0x000000000800b364                HAL_SYSTICK_Config
 .text.HAL_MPU_Disable
                0x000000000800b390       0x1c ../../libDaisy/build/libdaisy.a(stm32h7xx_hal_cortex.o)
                0x000000000800b390                HAL_MPU_Disable
 .text.HAL_MPU_Enable
                0x000000000800b3ac       0x20 ../../libDaisy/build/libdaisy.a(stm32h7xx_hal_cortex.o)
                0x000000000800b3ac                HAL_MPU_Enable
 .text.HAL_MPU_ConfigRegion
                0x000000000800b3cc       0x64 ../../libDaisy/build/libdaisy.a(stm32h7xx_hal_cortex.o)
                0x000000000800b3cc                HAL_MPU_ConfigRegion
 .text.HAL_SYSTICK_Callback
                0x000000000800b430        0x4 ../../libDaisy/build/libdaisy.a(stm32h7xx_hal_cortex.o)
                0x000000000800b430                HAL_SYSTICK_Callback
 .text.HAL_SYSTICK_IRQHandler
                0x000000000800b434        0x8 ../../libDaisy/build/libdaisy.a(stm32h7xx_hal_cortex.o)
                0x000000000800b434                HAL_SYSTICK_IRQHandler
 .text.DMA_CalcBaseAndBitshift
                0x000000000800b43c       0xf4 ../../libDaisy/build/libdaisy.a(stm32h7xx_hal_dma.o)
 .text.DMA_CalcDMAMUXChannelBaseAndMask
                0x000000000800b530       0xd8 ../../libDaisy/build/libdaisy.a(stm32h7xx_hal_dma.o)
 .text.HAL_DMA_Init
                0x000000000800b608      0x4dc ../../libDaisy/build/libdaisy.a(stm32h7xx_hal_dma.o)
                0x000000000800b608                HAL_DMA_Init
 .text.HAL_DMA_Start_IT
                0x000000000800bae4      0x344 ../../libDaisy/build/libdaisy.a(stm32h7xx_hal_dma.o)
                0x000000000800bae4                HAL_DMA_Start_IT
 .text.HAL_DMA_Abort
                0x000000000800be28      0x2f0 ../../libDaisy/build/libdaisy.a(stm32h7xx_hal_dma.o)
                0x000000000800be28                HAL_DMA_Abort
 .text.HAL_DMA_Abort_IT
                0x000000000800c118      0x194 ../../libDaisy/build/libdaisy.a(stm32h7xx_hal_dma.o)
                0x000000000800c118                HAL_DMA_Abort_IT
 .text.HAL_DMA_IRQHandler
                0x000000000800c2ac      0x6a0 ../../libDaisy/build/libdaisy.a(stm32h7xx_hal_dma.o)
                0x000000000800c2ac                HAL_DMA_IRQHandler
 .text.HAL_DMA_GetError
                0x000000000800c94c        0x4 ../../libDaisy/build/libdaisy.a(stm32h7xx_hal_dma.o)
                0x000000000800c94c                HAL_DMA_GetError
 .text.HAL_GPIO_Init
                0x000000000800c950      0x274 ../../libDaisy/build/libdaisy.a(stm32h7xx_hal_gpio.o)
                0x000000000800c950                HAL_GPIO_Init
 .text.HAL_GPIO_DeInit
                0x000000000800cbc4      0x190 ../../libDaisy/build/libdaisy.a(stm32h7xx_hal_gpio.o)
                0x000000000800cbc4                HAL_GPIO_DeInit
 .text.HAL_GPIO_ReadPin
                0x000000000800cd54        0xc ../../libDaisy/build/libdaisy.a(stm32h7xx_hal_gpio.o)
                0x000000000800cd54                HAL_GPIO_ReadPin
 .text.HAL_GPIO_WritePin
                0x000000000800cd60        0x8 ../../libDaisy/build/libdaisy.a(stm32h7xx_hal_gpio.o)
                0x000000000800cd60                HAL_GPIO_WritePin
 .text.HAL_HCD_IRQHandler
                0x000000000800cd68      0x8f4 ../../libDaisy/build/libdaisy.a(stm32h7xx_hal_hcd.o)
                0x000000000800cd68                HAL_HCD_IRQHandler
 .text.HAL_HCD_Stop
                0x000000000800d65c       0x28 ../../libDaisy/build/libdaisy.a(stm32h7xx_hal_hcd.o)
                0x000000000800d65c                HAL_HCD_Stop
 .text.I2C_WaitOnTXISFlagUntilTimeout
                0x000000000800d684      0x16c ../../libDaisy/build/libdaisy.a(stm32h7xx_hal_i2c.o)
 .text.I2C_WaitOnSTOPFlagUntilTimeout
                0x000000000800d7f0      0x168 ../../libDaisy/build/libdaisy.a(stm32h7xx_hal_i2c.o)
 .text.HAL_I2C_Init
                0x000000000800d958       0xac ../../libDaisy/build/libdaisy.a(stm32h7xx_hal_i2c.o)
                0x000000000800d958                HAL_I2C_Init
 .text.HAL_I2C_Master_Transmit
                0x000000000800da04      0x37c ../../libDaisy/build/libdaisy.a(stm32h7xx_hal_i2c.o)
                0x000000000800da04                HAL_I2C_Master_Transmit
 .text.HAL_I2C_Slave_Transmit
                0x000000000800dd80      0x254 ../../libDaisy/build/libdaisy.a(stm32h7xx_hal_i2c.o)
                0x000000000800dd80                HAL_I2C_Slave_Transmit
 .text.HAL_I2C_EV_IRQHandler
                0x000000000800dfd4       0x10 ../../libDaisy/build/libdaisy.a(stm32h7xx_hal_i2c.o)
                0x000000000800dfd4                HAL_I2C_EV_IRQHandler
 .text.HAL_I2C_GetState
                0x000000000800dfe4        0x8 ../../libDaisy/build/libdaisy.a(stm32h7xx_hal_i2c.o)
                0x000000000800dfe4                HAL_I2C_GetState
 .text.HAL_I2CEx_ConfigAnalogFilter
                0x000000000800dfec       0x54 ../../libDaisy/build/libdaisy.a(stm32h7xx_hal_i2c_ex.o)
                0x000000000800dfec                HAL_I2CEx_ConfigAnalogFilter
 .text.HAL_I2CEx_ConfigDigitalFilter
                0x000000000800e040       0x58 ../../libDaisy/build/libdaisy.a(stm32h7xx_hal_i2c_ex.o)
                0x000000000800e040                HAL_I2CEx_ConfigDigitalFilter
 .text.HAL_PCD_IRQHandler
                0x000000000800e098      0xb48 ../../libDaisy/build/libdaisy.a(stm32h7xx_hal_pcd.o)
                0x000000000800e098                HAL_PCD_IRQHandler
 .text.HAL_PCD_SetAddress
                0x000000000800ebe0       0x2c ../../libDaisy/build/libdaisy.a(stm32h7xx_hal_pcd.o)
                0x000000000800ebe0                HAL_PCD_SetAddress
 .text.HAL_PCD_EP_Open
                0x000000000800ec0c       0x7c ../../libDaisy/build/libdaisy.a(stm32h7xx_hal_pcd.o)
                0x000000000800ec0c                HAL_PCD_EP_Open
 .text.HAL_PCD_EP_Receive
                0x000000000800ec88       0x44 ../../libDaisy/build/libdaisy.a(stm32h7xx_hal_pcd.o)
                0x000000000800ec88                HAL_PCD_EP_Receive
 .text.HAL_PCD_EP_Transmit
                0x000000000800eccc       0x44 ../../libDaisy/build/libdaisy.a(stm32h7xx_hal_pcd.o)
                0x000000000800eccc                HAL_PCD_EP_Transmit
 .text.HAL_PCD_EP_SetStall
                0x000000000800ed10       0x88 ../../libDaisy/build/libdaisy.a(stm32h7xx_hal_pcd.o)
                0x000000000800ed10                HAL_PCD_EP_SetStall
 .text.HAL_PCD_EP_ClrStall
                0x000000000800ed98       0x78 ../../libDaisy/build/libdaisy.a(stm32h7xx_hal_pcd.o)
                0x000000000800ed98                HAL_PCD_EP_ClrStall
 .text.HAL_PCDEx_LPM_Callback
                0x000000000800ee10        0x4 ../../libDaisy/build/libdaisy.a(stm32h7xx_hal_pcd_ex.o)
                0x000000000800ee10                HAL_PCDEx_LPM_Callback
 .text.HAL_PWREx_ConfigSupply
                0x000000000800ee14       0x48 ../../libDaisy/build/libdaisy.a(stm32h7xx_hal_pwr_ex.o)
                0x000000000800ee14                HAL_PWREx_ConfigSupply
 .text.HAL_PWREx_EnableUSBVoltageDetector
                0x000000000800ee5c       0x10 ../../libDaisy/build/libdaisy.a(stm32h7xx_hal_pwr_ex.o)
                0x000000000800ee5c                HAL_PWREx_EnableUSBVoltageDetector
 .text.QSPI_Config
                0x000000000800ee6c      0x174 ../../libDaisy/build/libdaisy.a(stm32h7xx_hal_qspi.o)
 .text.HAL_QSPI_Init
                0x000000000800efe0       0xb8 ../../libDaisy/build/libdaisy.a(stm32h7xx_hal_qspi.o)
                0x000000000800efe0                HAL_QSPI_Init
 .text.HAL_QSPI_DeInit
                0x000000000800f098       0x24 ../../libDaisy/build/libdaisy.a(stm32h7xx_hal_qspi.o)
                0x000000000800f098                HAL_QSPI_DeInit
 .text.HAL_QSPI_Command
                0x000000000800f0bc       0xd4 ../../libDaisy/build/libdaisy.a(stm32h7xx_hal_qspi.o)
                0x000000000800f0bc                HAL_QSPI_Command
 .text.HAL_QSPI_Transmit
                0x000000000800f190       0xfc ../../libDaisy/build/libdaisy.a(stm32h7xx_hal_qspi.o)
                0x000000000800f190                HAL_QSPI_Transmit
 .text.HAL_QSPI_Receive
                0x000000000800f28c      0x108 ../../libDaisy/build/libdaisy.a(stm32h7xx_hal_qspi.o)
                0x000000000800f28c                HAL_QSPI_Receive
 .text.HAL_QSPI_AutoPolling
                0x000000000800f394       0xf0 ../../libDaisy/build/libdaisy.a(stm32h7xx_hal_qspi.o)
                0x000000000800f394                HAL_QSPI_AutoPolling
 .text.HAL_QSPI_MemoryMapped
                0x000000000800f484       0xc0 ../../libDaisy/build/libdaisy.a(stm32h7xx_hal_qspi.o)
                0x000000000800f484                HAL_QSPI_MemoryMapped
 .text.HAL_QSPI_ErrorCallback
                0x000000000800f544        0x4 ../../libDaisy/build/libdaisy.a(stm32h7xx_hal_qspi.o)
                0x000000000800f544                HAL_QSPI_ErrorCallback
 .text.QSPI_DMAAbortCplt
                0x000000000800f548       0x38 ../../libDaisy/build/libdaisy.a(stm32h7xx_hal_qspi.o)
 .text.HAL_QSPI_AbortCpltCallback
                0x000000000800f580        0x4 ../../libDaisy/build/libdaisy.a(stm32h7xx_hal_qspi.o)
                0x000000000800f580                HAL_QSPI_AbortCpltCallback
 .text.HAL_QSPI_CmdCpltCallback
                0x000000000800f584        0x4 ../../libDaisy/build/libdaisy.a(stm32h7xx_hal_qspi.o)
                0x000000000800f584                HAL_QSPI_CmdCpltCallback
 .text.HAL_QSPI_RxCpltCallback
                0x000000000800f588        0x4 ../../libDaisy/build/libdaisy.a(stm32h7xx_hal_qspi.o)
                0x000000000800f588                HAL_QSPI_RxCpltCallback
 .text.HAL_QSPI_TxCpltCallback
                0x000000000800f58c        0x4 ../../libDaisy/build/libdaisy.a(stm32h7xx_hal_qspi.o)
                0x000000000800f58c                HAL_QSPI_TxCpltCallback
 .text.HAL_QSPI_FifoThresholdCallback
                0x000000000800f590        0x4 ../../libDaisy/build/libdaisy.a(stm32h7xx_hal_qspi.o)
                0x000000000800f590                HAL_QSPI_FifoThresholdCallback
 .text.HAL_QSPI_StatusMatchCallback
                0x000000000800f594        0x4 ../../libDaisy/build/libdaisy.a(stm32h7xx_hal_qspi.o)
                0x000000000800f594                HAL_QSPI_StatusMatchCallback
 .text.HAL_QSPI_TimeOutCallback
                0x000000000800f598        0x4 ../../libDaisy/build/libdaisy.a(stm32h7xx_hal_qspi.o)
                0x000000000800f598                HAL_QSPI_TimeOutCallback
 .text.HAL_QSPI_IRQHandler
                0x000000000800f59c      0x210 ../../libDaisy/build/libdaisy.a(stm32h7xx_hal_qspi.o)
                0x000000000800f59c                HAL_QSPI_IRQHandler
 .text.HAL_RCC_GetSysClockFreq.part.0
                0x000000000800f7ac      0x130 ../../libDaisy/build/libdaisy.a(stm32h7xx_hal_rcc.o)
 .text.HAL_RCC_OscConfig
                0x000000000800f8dc      0x5f4 ../../libDaisy/build/libdaisy.a(stm32h7xx_hal_rcc.o)
                0x000000000800f8dc                HAL_RCC_OscConfig
 .text.HAL_RCC_GetSysClockFreq
                0x000000000800fed0      0x140 ../../libDaisy/build/libdaisy.a(stm32h7xx_hal_rcc.o)
                0x000000000800fed0                HAL_RCC_GetSysClockFreq
 .text.HAL_RCC_ClockConfig
                0x0000000008010010      0x250 ../../libDaisy/build/libdaisy.a(stm32h7xx_hal_rcc.o)
                0x0000000008010010                HAL_RCC_ClockConfig
 .text.HAL_RCC_GetHCLKFreq
                0x0000000008010260       0x80 ../../libDaisy/build/libdaisy.a(stm32h7xx_hal_rcc.o)
                0x0000000008010260                HAL_RCC_GetHCLKFreq
 .text.HAL_RCC_GetPCLK1Freq
                0x00000000080102e0       0x90 ../../libDaisy/build/libdaisy.a(stm32h7xx_hal_rcc.o)
                0x00000000080102e0                HAL_RCC_GetPCLK1Freq
 .text.HAL_RCC_GetPCLK2Freq
                0x0000000008010370       0x90 ../../libDaisy/build/libdaisy.a(stm32h7xx_hal_rcc.o)
                0x0000000008010370                HAL_RCC_GetPCLK2Freq
 .text.RCCEx_PLL2_Config
                0x0000000008010400       0xf4 ../../libDaisy/build/libdaisy.a(stm32h7xx_hal_rcc_ex.o)
 .text.RCCEx_PLL3_Config
                0x00000000080104f4       0xf4 ../../libDaisy/build/libdaisy.a(stm32h7xx_hal_rcc_ex.o)
 .text.HAL_RCCEx_PeriphCLKConfig
                0x00000000080105e8      0xbf8 ../../libDaisy/build/libdaisy.a(stm32h7xx_hal_rcc_ex.o)
                0x00000000080105e8                HAL_RCCEx_PeriphCLKConfig
 .text.HAL_RCCEx_GetD3PCLK1Freq
                0x00000000080111e0       0x24 ../../libDaisy/build/libdaisy.a(stm32h7xx_hal_rcc_ex.o)
                0x00000000080111e0                HAL_RCCEx_GetD3PCLK1Freq
 .text.HAL_RCCEx_GetPLL2ClockFreq
                0x0000000008011204      0x17c ../../libDaisy/build/libdaisy.a(stm32h7xx_hal_rcc_ex.o)
                0x0000000008011204                HAL_RCCEx_GetPLL2ClockFreq
 .text.HAL_RCCEx_GetPLL3ClockFreq
                0x0000000008011380      0x17c ../../libDaisy/build/libdaisy.a(stm32h7xx_hal_rcc_ex.o)
                0x0000000008011380                HAL_RCCEx_GetPLL3ClockFreq
 .text.HAL_RCCEx_GetPLL1ClockFreq
                0x00000000080114fc      0x18c ../../libDaisy/build/libdaisy.a(stm32h7xx_hal_rcc_ex.o)
                0x00000000080114fc                HAL_RCCEx_GetPLL1ClockFreq
 .text.HAL_RCCEx_GetPeriphCLKFreq
                0x0000000008011688      0x390 ../../libDaisy/build/libdaisy.a(stm32h7xx_hal_rcc_ex.o)
                0x0000000008011688                HAL_RCCEx_GetPeriphCLKFreq
 .text.HAL_SAI_Init.part.0
                0x0000000008011a18      0x390 ../../libDaisy/build/libdaisy.a(stm32h7xx_hal_sai.o)
 .text.HAL_SAI_InitProtocol
                0x0000000008011da8      0x174 ../../libDaisy/build/libdaisy.a(stm32h7xx_hal_sai.o)
                0x0000000008011da8                HAL_SAI_InitProtocol
 .text.HAL_SAI_DMAStop
                0x0000000008011f1c       0xdc ../../libDaisy/build/libdaisy.a(stm32h7xx_hal_sai.o)
                0x0000000008011f1c                HAL_SAI_DMAStop
 .text.HAL_SAI_Transmit_DMA
                0x0000000008011ff8      0x124 ../../libDaisy/build/libdaisy.a(stm32h7xx_hal_sai.o)
                0x0000000008011ff8                HAL_SAI_Transmit_DMA
 .text.HAL_SAI_Receive_DMA
                0x000000000801211c       0xd0 ../../libDaisy/build/libdaisy.a(stm32h7xx_hal_sai.o)
                0x000000000801211c                HAL_SAI_Receive_DMA
 .text.HAL_SAI_TxCpltCallback
                0x00000000080121ec        0x4 ../../libDaisy/build/libdaisy.a(stm32h7xx_hal_sai.o)
                0x00000000080121ec                HAL_SAI_TxCpltCallback
 .text.SAI_DMATxCplt
                0x00000000080121f0       0x64 ../../libDaisy/build/libdaisy.a(stm32h7xx_hal_sai.o)
 .text.HAL_SAI_TxHalfCpltCallback
                0x0000000008012254        0x4 ../../libDaisy/build/libdaisy.a(stm32h7xx_hal_sai.o)
                0x0000000008012254                HAL_SAI_TxHalfCpltCallback
 .text.SAI_DMATxHalfCplt
                0x0000000008012258        0xc ../../libDaisy/build/libdaisy.a(stm32h7xx_hal_sai.o)
 .text.SAI_DMARxCplt
                0x0000000008012264       0x64 ../../libDaisy/build/libdaisy.a(stm32h7xx_hal_sai.o)
 .text.SAI_DMARxHalfCplt
                0x00000000080122c8        0xc ../../libDaisy/build/libdaisy.a(stm32h7xx_hal_sai.o)
 .text.HAL_SAI_ErrorCallback
                0x00000000080122d4        0x4 ../../libDaisy/build/libdaisy.a(stm32h7xx_hal_sai.o)
                0x00000000080122d4                HAL_SAI_ErrorCallback
 .text.SAI_DMAError
                0x00000000080122d8       0x6c ../../libDaisy/build/libdaisy.a(stm32h7xx_hal_sai.o)
 .text.HAL_SDRAM_Init
                0x0000000008012344       0x54 ../../libDaisy/build/libdaisy.a(stm32h7xx_hal_sdram.o)
                0x0000000008012344                HAL_SDRAM_Init
 .text.HAL_SDRAM_SendCommand
                0x0000000008012398       0x40 ../../libDaisy/build/libdaisy.a(stm32h7xx_hal_sdram.o)
                0x0000000008012398                HAL_SDRAM_SendCommand
 .text.HAL_SDRAM_ProgramRefreshRate
                0x00000000080123d8       0x30 ../../libDaisy/build/libdaisy.a(stm32h7xx_hal_sdram.o)
                0x00000000080123d8                HAL_SDRAM_ProgramRefreshRate
 .text.FMC_SDRAM_Init
                0x0000000008012408       0x7c ../../libDaisy/build/libdaisy.a(stm32h7xx_ll_fmc.o)
                0x0000000008012408                FMC_SDRAM_Init
 .text.FMC_SDRAM_Timing_Init
                0x0000000008012484       0x98 ../../libDaisy/build/libdaisy.a(stm32h7xx_ll_fmc.o)
                0x0000000008012484                FMC_SDRAM_Timing_Init
 .text.FMC_SDRAM_SendCommand
                0x000000000801251c       0x30 ../../libDaisy/build/libdaisy.a(stm32h7xx_ll_fmc.o)
                0x000000000801251c                FMC_SDRAM_SendCommand
 .text.FMC_SDRAM_ProgramRefreshRate
                0x000000000801254c       0x1c ../../libDaisy/build/libdaisy.a(stm32h7xx_ll_fmc.o)
                0x000000000801254c                FMC_SDRAM_ProgramRefreshRate
 .text.USB_SetTurnaroundTime
                0x0000000008012568       0xf4 ../../libDaisy/build/libdaisy.a(stm32h7xx_ll_usb.o)
                0x0000000008012568                USB_SetTurnaroundTime
 .text.USB_FlushTxFifo
                0x000000000801265c       0x54 ../../libDaisy/build/libdaisy.a(stm32h7xx_ll_usb.o)
                0x000000000801265c                USB_FlushTxFifo
 .text.USB_FlushRxFifo
                0x00000000080126b0       0x50 ../../libDaisy/build/libdaisy.a(stm32h7xx_ll_usb.o)
                0x00000000080126b0                USB_FlushRxFifo
 .text.USB_GetDevSpeed
                0x0000000008012700       0x18 ../../libDaisy/build/libdaisy.a(stm32h7xx_ll_usb.o)
                0x0000000008012700                USB_GetDevSpeed
 .text.USB_ActivateEndpoint
                0x0000000008012718       0x90 ../../libDaisy/build/libdaisy.a(stm32h7xx_ll_usb.o)
                0x0000000008012718                USB_ActivateEndpoint
 .text.USB_EPStartXfer
                0x00000000080127a8      0x288 ../../libDaisy/build/libdaisy.a(stm32h7xx_ll_usb.o)
                0x00000000080127a8                USB_EPStartXfer
 .text.USB_EPStopXfer
                0x0000000008012a30       0x88 ../../libDaisy/build/libdaisy.a(stm32h7xx_ll_usb.o)
                0x0000000008012a30                USB_EPStopXfer
 .text.USB_WritePacket
                0x0000000008012ab8       0x2c ../../libDaisy/build/libdaisy.a(stm32h7xx_ll_usb.o)
                0x0000000008012ab8                USB_WritePacket
 .text.USB_ReadPacket
                0x0000000008012ae4       0x4c ../../libDaisy/build/libdaisy.a(stm32h7xx_ll_usb.o)
                0x0000000008012ae4                USB_ReadPacket
 .text.USB_EPSetStall
                0x0000000008012b30       0x68 ../../libDaisy/build/libdaisy.a(stm32h7xx_ll_usb.o)
                0x0000000008012b30                USB_EPSetStall
 .text.USB_EPClearStall
                0x0000000008012b98       0x58 ../../libDaisy/build/libdaisy.a(stm32h7xx_ll_usb.o)
                0x0000000008012b98                USB_EPClearStall
 .text.USB_SetDevAddress
                0x0000000008012bf0       0x24 ../../libDaisy/build/libdaisy.a(stm32h7xx_ll_usb.o)
                0x0000000008012bf0                USB_SetDevAddress
 .text.USB_ReadInterrupts
                0x0000000008012c14        0x8 ../../libDaisy/build/libdaisy.a(stm32h7xx_ll_usb.o)
                0x0000000008012c14                USB_ReadInterrupts
 .text.USB_ReadChInterrupts
                0x0000000008012c1c       0x10 ../../libDaisy/build/libdaisy.a(stm32h7xx_ll_usb.o)
                0x0000000008012c1c                USB_ReadChInterrupts
 .text.USB_ReadDevAllOutEpInterrupt
                0x0000000008012c2c       0x10 ../../libDaisy/build/libdaisy.a(stm32h7xx_ll_usb.o)
                0x0000000008012c2c                USB_ReadDevAllOutEpInterrupt
 .text.USB_ReadDevAllInEpInterrupt
                0x0000000008012c3c       0x10 ../../libDaisy/build/libdaisy.a(stm32h7xx_ll_usb.o)
                0x0000000008012c3c                USB_ReadDevAllInEpInterrupt
 .text.USB_ReadDevOutEPInterrupt
                0x0000000008012c4c       0x14 ../../libDaisy/build/libdaisy.a(stm32h7xx_ll_usb.o)
                0x0000000008012c4c                USB_ReadDevOutEPInterrupt
 .text.USB_ReadDevInEPInterrupt
                0x0000000008012c60       0x20 ../../libDaisy/build/libdaisy.a(stm32h7xx_ll_usb.o)
                0x0000000008012c60                USB_ReadDevInEPInterrupt
 .text.USB_GetMode
                0x0000000008012c80        0x8 ../../libDaisy/build/libdaisy.a(stm32h7xx_ll_usb.o)
                0x0000000008012c80                USB_GetMode
 .text.USB_ActivateSetup
                0x0000000008012c88       0x2c ../../libDaisy/build/libdaisy.a(stm32h7xx_ll_usb.o)
                0x0000000008012c88                USB_ActivateSetup
 .text.USB_EP0_OutStart
                0x0000000008012cb4       0x58 ../../libDaisy/build/libdaisy.a(stm32h7xx_ll_usb.o)
                0x0000000008012cb4                USB_EP0_OutStart
 .text.USB_InitFSLSPClkSel
                0x0000000008012d0c       0x44 ../../libDaisy/build/libdaisy.a(stm32h7xx_ll_usb.o)
                0x0000000008012d0c                USB_InitFSLSPClkSel
 .text.USB_HC_ReadInterrupt
                0x0000000008012d50        0x8 ../../libDaisy/build/libdaisy.a(stm32h7xx_ll_usb.o)
                0x0000000008012d50                USB_HC_ReadInterrupt
 .text.USB_HC_Halt
                0x0000000008012d58       0xe4 ../../libDaisy/build/libdaisy.a(stm32h7xx_ll_usb.o)
                0x0000000008012d58                USB_HC_Halt
 .text.USB_StopHost
                0x0000000008012e3c      0x1e4 ../../libDaisy/build/libdaisy.a(stm32h7xx_ll_usb.o)
                0x0000000008012e3c                USB_StopHost
 .text.USBD_CDC_SetTxBuffer
                0x0000000008013020       0x1c ../../libDaisy/build/libdaisy.a(usbd_cdc.o)
                0x0000000008013020                USBD_CDC_SetTxBuffer
 .text.USBD_CDC_TransmitPacket
                0x000000000801303c       0x38 ../../libDaisy/build/libdaisy.a(usbd_cdc.o)
                0x000000000801303c                USBD_CDC_TransmitPacket
 .text.USBD_SetClassConfig
                0x0000000008013074       0x10 ../../libDaisy/build/libdaisy.a(usbd_core.o)
                0x0000000008013074                USBD_SetClassConfig
 .text.USBD_ClrClassConfig
                0x0000000008013084       0x14 ../../libDaisy/build/libdaisy.a(usbd_core.o)
                0x0000000008013084                USBD_ClrClassConfig
 .text.USBD_LL_SetupStage
                0x0000000008013098       0x60 ../../libDaisy/build/libdaisy.a(usbd_core.o)
                0x0000000008013098                USBD_LL_SetupStage
 .text.USBD_LL_DataOutStage
                0x00000000080130f8       0x74 ../../libDaisy/build/libdaisy.a(usbd_core.o)
                0x00000000080130f8                USBD_LL_DataOutStage
 .text.USBD_LL_DataInStage
                0x000000000801316c       0xc0 ../../libDaisy/build/libdaisy.a(usbd_core.o)
                0x000000000801316c                USBD_LL_DataInStage
 .text.USBD_LL_Reset
                0x000000000801322c       0x5c ../../libDaisy/build/libdaisy.a(usbd_core.o)
                0x000000000801322c                USBD_LL_Reset
 .text.USBD_LL_SetSpeed
                0x0000000008013288        0x8 ../../libDaisy/build/libdaisy.a(usbd_core.o)
                0x0000000008013288                USBD_LL_SetSpeed
 .text.USBD_LL_Suspend
                0x0000000008013290       0x20 ../../libDaisy/build/libdaisy.a(usbd_core.o)
                0x0000000008013290                USBD_LL_Suspend
 .text.USBD_LL_Resume
                0x00000000080132b0       0x18 ../../libDaisy/build/libdaisy.a(usbd_core.o)
                0x00000000080132b0                USBD_LL_Resume
 .text.USBD_LL_SOF
                0x00000000080132c8       0x20 ../../libDaisy/build/libdaisy.a(usbd_core.o)
                0x00000000080132c8                USBD_LL_SOF
 .text.USBD_LL_IsoINIncomplete
                0x00000000080132e8       0x2c ../../libDaisy/build/libdaisy.a(usbd_core.o)
                0x00000000080132e8                USBD_LL_IsoINIncomplete
 .text.USBD_LL_IsoOUTIncomplete
                0x0000000008013314       0x2c ../../libDaisy/build/libdaisy.a(usbd_core.o)
                0x0000000008013314                USBD_LL_IsoOUTIncomplete
 .text.USBD_LL_DevConnected
                0x0000000008013340        0x4 ../../libDaisy/build/libdaisy.a(usbd_core.o)
                0x0000000008013340                USBD_LL_DevConnected
 .text.USBD_LL_DevDisconnected
                0x0000000008013344       0x24 ../../libDaisy/build/libdaisy.a(usbd_core.o)
                0x0000000008013344                USBD_LL_DevDisconnected
 .text.USBD_CoreFindIF
                0x0000000008013368        0x4 ../../libDaisy/build/libdaisy.a(usbd_core.o)
                0x0000000008013368                USBD_CoreFindIF
 .text.USBD_CoreFindEP
                0x000000000801336c        0x4 ../../libDaisy/build/libdaisy.a(usbd_core.o)
                0x000000000801336c                USBD_CoreFindEP
 .text.USBD_StdDevReq
                0x0000000008013370      0x360 ../../libDaisy/build/libdaisy.a(usbd_ctlreq.o)
                0x0000000008013370                USBD_StdDevReq
 .text.USBD_StdItfReq
                0x00000000080136d0       0x84 ../../libDaisy/build/libdaisy.a(usbd_ctlreq.o)
                0x00000000080136d0                USBD_StdItfReq
 .text.USBD_StdEPReq
                0x0000000008013754      0x160 ../../libDaisy/build/libdaisy.a(usbd_ctlreq.o)
                0x0000000008013754                USBD_StdEPReq
 .text.USBD_ParseSetupRequest
                0x00000000080138b4       0x18 ../../libDaisy/build/libdaisy.a(usbd_ctlreq.o)
                0x00000000080138b4                USBD_ParseSetupRequest
 .text.USBD_CtlSendData
                0x00000000080138cc       0x1c ../../libDaisy/build/libdaisy.a(usbd_ioreq.o)
                0x00000000080138cc                USBD_CtlSendData
 .text.USBD_CtlContinueSendData
                0x00000000080138e8       0x14 ../../libDaisy/build/libdaisy.a(usbd_ioreq.o)
                0x00000000080138e8                USBD_CtlContinueSendData
 .text.USBD_CtlContinueRx
                0x00000000080138fc       0x14 ../../libDaisy/build/libdaisy.a(usbd_ioreq.o)
                0x00000000080138fc                USBD_CtlContinueRx
 .text.USBD_CtlSendStatus
                0x0000000008013910       0x18 ../../libDaisy/build/libdaisy.a(usbd_ioreq.o)
                0x0000000008013910                USBD_CtlSendStatus
 .text.USBD_CtlReceiveStatus
                0x0000000008013928       0x18 ../../libDaisy/build/libdaisy.a(usbd_ioreq.o)
                0x0000000008013928                USBD_CtlReceiveStatus
 .text.USBH_LL_IncTimer
                0x0000000008013940       0x20 ../../libDaisy/build/libdaisy.a(usbh_core.o)
                0x0000000008013940                USBH_LL_IncTimer
 .text.USBH_LL_PortEnabled
                0x0000000008013960        0x8 ../../libDaisy/build/libdaisy.a(usbh_core.o)
                0x0000000008013960                USBH_LL_PortEnabled
 .text.USBH_LL_PortDisabled
                0x0000000008013968        0x8 ../../libDaisy/build/libdaisy.a(usbh_core.o)
                0x0000000008013968                USBH_LL_PortDisabled
 .text.USBH_LL_Connect
                0x0000000008013970       0x18 ../../libDaisy/build/libdaisy.a(usbh_core.o)
                0x0000000008013970                USBH_LL_Connect
 .text.USBH_LL_Disconnect
                0x0000000008013988       0x2c ../../libDaisy/build/libdaisy.a(usbh_core.o)
                0x0000000008013988                USBH_LL_Disconnect
 .text.USBH_FreePipe
                0x00000000080139b4       0x18 ../../libDaisy/build/libdaisy.a(usbh_pipes.o)
                0x00000000080139b4                USBH_FreePipe
 .text._ZN5daisy6Random4InitEv
                0x00000000080139cc       0x3c ../../libDaisy/build/libdaisy.a(rng.o)
                0x00000000080139cc                daisy::Random::Init()
 .text._ZN5daisy9SpiHandle4Impl7InitDmaEv
                0x0000000008013a08       0xec ../../libDaisy/build/libdaisy.a(spi.o)
                0x0000000008013a08                daisy::SpiHandle::Impl::InitDma()
 .text._ZN5daisy9SpiHandle4Impl10StartDmaTxEPhjPFvPvEPFvS3_NS0_6ResultEES3_
                0x0000000008013af4       0xc8 ../../libDaisy/build/libdaisy.a(spi.o)
                0x0000000008013af4                daisy::SpiHandle::Impl::StartDmaTx(unsigned char*, unsigned int, void (*)(void*), void (*)(void*, daisy::SpiHandle::Result), void*)
 .text._ZN5daisy9SpiHandle4Impl10StartDmaRxEPhjPFvPvEPFvS3_NS0_6ResultEES3_
                0x0000000008013bbc       0xc8 ../../libDaisy/build/libdaisy.a(spi.o)
                0x0000000008013bbc                daisy::SpiHandle::Impl::StartDmaRx(unsigned char*, unsigned int, void (*)(void*), void (*)(void*, daisy::SpiHandle::Result), void*)
 .text._ZN5daisy9SpiHandle4Impl12StartDmaRxTxEPhS2_jPFvPvEPFvS3_NS0_6ResultEES3_
                0x0000000008013c84       0xcc ../../libDaisy/build/libdaisy.a(spi.o)
                0x0000000008013c84                daisy::SpiHandle::Impl::StartDmaRxTx(unsigned char*, unsigned char*, unsigned int, void (*)(void*), void (*)(void*, daisy::SpiHandle::Result), void*)
 .text._ZN5daisy9SpiHandle4Impl8InitPinsEv
                0x0000000008013d50      0x274 ../../libDaisy/build/libdaisy.a(spi.o)
                0x0000000008013d50                daisy::SpiHandle::Impl::InitPins()
 .text.HAL_SPI_MspInit
                0x0000000008013fc4      0x1a8 ../../libDaisy/build/libdaisy.a(spi.o)
                0x0000000008013fc4                HAL_SPI_MspInit
 .text.dsy_spi_global_init
                0x000000000801416c       0x80 ../../libDaisy/build/libdaisy.a(spi.o)
                0x000000000801416c                dsy_spi_global_init
 .text.SPI1_IRQHandler
                0x00000000080141ec        0xc ../../libDaisy/build/libdaisy.a(spi.o)
                0x00000000080141ec                SPI1_IRQHandler
 .text.SPI2_IRQHandler
                0x00000000080141f8        0xc ../../libDaisy/build/libdaisy.a(spi.o)
                0x00000000080141f8                SPI2_IRQHandler
 .text.SPI3_IRQHandler
                0x0000000008014204        0xc ../../libDaisy/build/libdaisy.a(spi.o)
                0x0000000008014204                SPI3_IRQHandler
 .text.SPI4_IRQHandler
                0x0000000008014210        0xc ../../libDaisy/build/libdaisy.a(spi.o)
                0x0000000008014210                SPI4_IRQHandler
 .text.SPI5_IRQHandler
                0x000000000801421c        0xc ../../libDaisy/build/libdaisy.a(spi.o)
                0x000000000801421c                SPI5_IRQHandler
 .text.DMA2_Stream2_IRQHandler
                0x0000000008014228       0x34 ../../libDaisy/build/libdaisy.a(spi.o)
                0x0000000008014228                DMA2_Stream2_IRQHandler
 .text.DMA2_Stream3_IRQHandler
                0x000000000801425c       0x38 ../../libDaisy/build/libdaisy.a(spi.o)
                0x000000000801425c                DMA2_Stream3_IRQHandler
 .text.HAL_SPI_TxCpltCallback
                0x0000000008014294       0xc4 ../../libDaisy/build/libdaisy.a(spi.o)
                0x0000000008014294                HAL_SPI_TxCpltCallback
 .text.HAL_SPI_RxCpltCallback
                0x0000000008014358       0xc4 ../../libDaisy/build/libdaisy.a(spi.o)
                0x0000000008014358                HAL_SPI_RxCpltCallback
 .text.HAL_SPI_TxRxCpltCallback
                0x000000000801441c       0xc4 ../../libDaisy/build/libdaisy.a(spi.o)
                0x000000000801441c                HAL_SPI_TxRxCpltCallback
 .text.HAL_SPI_ErrorCallback
                0x00000000080144e0       0xc8 ../../libDaisy/build/libdaisy.a(spi.o)
                0x00000000080144e0                HAL_SPI_ErrorCallback
 .text.startup._GLOBAL__sub_I__Z19MapInstanceToHandleP11SPI_TypeDef
                0x00000000080145a8      0x1b0 ../../libDaisy/build/libdaisy.a(spi.o)
 .text.HAL_TIM_Base_MspInit
                0x0000000008014758      0x1e0 ../../libDaisy/build/libdaisy.a(tim.o)
                0x0000000008014758                HAL_TIM_Base_MspInit
 .text.HAL_TIM_PeriodElapsedCallback
                0x0000000008014938       0x44 ../../libDaisy/build/libdaisy.a(tim.o)
                0x0000000008014938                HAL_TIM_PeriodElapsedCallback
 .text.TIM2_IRQHandler
                0x000000000801497c        0xc ../../libDaisy/build/libdaisy.a(tim.o)
                0x000000000801497c                TIM2_IRQHandler
 .text.TIM3_IRQHandler
                0x0000000008014988        0xc ../../libDaisy/build/libdaisy.a(tim.o)
                0x0000000008014988                TIM3_IRQHandler
 .text.TIM4_IRQHandler
                0x0000000008014994        0xc ../../libDaisy/build/libdaisy.a(tim.o)
                0x0000000008014994                TIM4_IRQHandler
 .text.TIM5_IRQHandler
                0x00000000080149a0        0xc ../../libDaisy/build/libdaisy.a(tim.o)
                0x00000000080149a0                TIM5_IRQHandler
 .text._ZN5daisy11TimerHandle4InitERKNS0_6ConfigE
                0x00000000080149ac       0xd0 ../../libDaisy/build/libdaisy.a(tim.o)
                0x00000000080149ac                daisy::TimerHandle::Init(daisy::TimerHandle::Config const&)
 .text._ZN5daisy11TimerHandle5StartEv
                0x0000000008014a7c       0x24 ../../libDaisy/build/libdaisy.a(tim.o)
                0x0000000008014a7c                daisy::TimerHandle::Start()
 .text.startup._GLOBAL__sub_I__ZN5daisy11TimerHandle4Impl4InitERKNS0_6ConfigE
                0x0000000008014aa0       0x38 ../../libDaisy/build/libdaisy.a(tim.o)
 .text._ZL20UART_CheckRxListenerPN5daisy11UartHandler4ImplE
                0x0000000008014ad8       0x84 ../../libDaisy/build/libdaisy.a(uart.o)
 .text._ZN5daisy11UartHandler4Impl10StartDmaTxEPhjPFvPvEPFvS3_NS0_6ResultEES3_
                0x0000000008014b5c      0x184 ../../libDaisy/build/libdaisy.a(uart.o)
                0x0000000008014b5c                daisy::UartHandler::Impl::StartDmaTx(unsigned char*, unsigned int, void (*)(void*), void (*)(void*, daisy::UartHandler::Result), void*)
 .text._ZN5daisy11UartHandler4Impl10StartDmaRxEPhjPFvPvEPFvS3_NS0_6ResultEES3_
                0x0000000008014ce0      0x184 ../../libDaisy/build/libdaisy.a(uart.o)
                0x0000000008014ce0                daisy::UartHandler::Impl::StartDmaRx(unsigned char*, unsigned int, void (*)(void*), void (*)(void*, daisy::UartHandler::Result), void*)
 .text._ZN5daisy11UartHandler4Impl19DmaTransferFinishedEP20__UART_HandleTypeDefNS0_6ResultE
                0x0000000008014e64       0xc0 ../../libDaisy/build/libdaisy.a(uart.o)
                0x0000000008014e64                daisy::UartHandler::Impl::DmaTransferFinished(__UART_HandleTypeDef*, daisy::UartHandler::Result)
 .text._ZN5daisy11UartHandler4Impl8InitPinsEv
                0x0000000008014f24      0x154 ../../libDaisy/build/libdaisy.a(uart.o)
                0x0000000008014f24                daisy::UartHandler::Impl::InitPins()
 .text.HAL_UART_MspInit
                0x0000000008015078      0x210 ../../libDaisy/build/libdaisy.a(uart.o)
                0x0000000008015078                HAL_UART_MspInit
 .text.dsy_uart_global_init
                0x0000000008015288      0x110 ../../libDaisy/build/libdaisy.a(uart.o)
                0x0000000008015288                dsy_uart_global_init
 .text.USART1_IRQHandler
                0x0000000008015398       0x2c ../../libDaisy/build/libdaisy.a(uart.o)
                0x0000000008015398                USART1_IRQHandler
 .text.USART2_IRQHandler
                0x00000000080153c4       0x34 ../../libDaisy/build/libdaisy.a(uart.o)
                0x00000000080153c4                USART2_IRQHandler
 .text.USART3_IRQHandler
                0x00000000080153f8       0x34 ../../libDaisy/build/libdaisy.a(uart.o)
                0x00000000080153f8                USART3_IRQHandler
 .text.UART4_IRQHandler
                0x000000000801542c       0x34 ../../libDaisy/build/libdaisy.a(uart.o)
                0x000000000801542c                UART4_IRQHandler
 .text.UART5_IRQHandler
                0x0000000008015460       0x34 ../../libDaisy/build/libdaisy.a(uart.o)